stm32l4xx_it.c:67:6:NMI_Handler	0	static
stm32l4xx_it.c:76:6:HardFault_Handler	0	static
stm32l4xx_it.c:89:6:MemManage_Handler	0	static
stm32l4xx_it.c:102:6:BusFault_Handler	0	static
stm32l4xx_it.c:115:6:UsageFault_Handler	0	static
stm32l4xx_it.c:128:6:SVC_Handler	0	static
stm32l4xx_it.c:138:6:DebugMon_Handler	0	static
stm32l4xx_it.c:147:6:PendSV_Handler	0	static
stm32l4xx_it.c:156:6:SysTick_Handler	8	static
stm32l4xx_it.c:165:6:TIM2_IRQHandler	0	static
stm32l4xx_it.c:187:6:TIM6_DAC_IRQHandler	0	static
stm32l4xx_it.c:203:6:EXTI15_10_IRQHandler	0	static
stm32l4xx_it.c:209:6:EXTI1_IRQHandler	0	static
