b_l475e_iot01a1.c:93:9:BSP_GetVersion	4	static
b_l475e_iot01a1.c:105:9:BSP_LED_Init	16	static
b_l475e_iot01a1.c:120:9:BSP_LED_DeInit	40	static
b_l475e_iot01a1.c:143:9:BSP_LED_On	16	static
b_l475e_iot01a1.c:160:9:BSP_LED_Off	16	static
b_l475e_iot01a1.c:177:9:BSP_LED_Toggle	16	static
b_l475e_iot01a1.c:194:9:BSP_LED_GetState	16	static
b_l475e_iot01a1.c:202:13:LED_USER_GPIO_Init	4	static
b_l475e_iot01a1.c:217:9:BSP_PB_Init	24	static
b_l475e_iot01a1.c:257:9:BSP_PB_DeInit	40	static
b_l475e_iot01a1.c:275:9:BSP_PB_GetState	16	static
b_l475e_iot01a1.c:284:6:BSP_PB_IRQHandler	16	static
b_l475e_iot01a1.c:294:13:BSP_PB_Callback	16	static
b_l475e_iot01a1.c:307:13:BUTTON_USER_EXTI_Callback	8	static
b_l475e_iot01a1.c:316:13:BUTTON_USER_GPIO_Init	32	static
b_l475e_iot01a1.c:334:9:BSP_COM_Init	24	static
b_l475e_iot01a1.c:373:9:BSP_COM_DeInit	24	static
b_l475e_iot01a1.c:410:26:MX_USART1_UART_Init	24	static
b_l475e_iot01a1.c:514:9:BSP_COM_SelectLogPort	16	static
b_l475e_iot01a1.c:526:6:__io_putchar	16	static
b_l475e_iot01a1.c:539:13:USART1_MspInit	48	static
b_l475e_iot01a1.c:570:5:_read	24	static
b_l475e_iot01a1.c:581:5:__io_getchar	16	static
b_l475e_iot01a1.c:595:13:USART1_MspDeInit	16	static
