GenericMQTTXcubeSample.c:218:5:network_read	8	static
GenericMQTTXcubeSample.c:240:5:network_write	8	static
GenericMQTTXcubeSample.c:259:6:allpurposeMessageHandler	24	static
GenericMQTTXcubeSample.c:155:5:cloud_device_enter_credentials	448	static
GenericMQTTXcubeSample.c:799:5:stiot_publish	32	static
GenericMQTTXcubeSample.c:820:5:string_allocate_from_token	24	static
GenericMQTTXcubeSample.c:904:6:free_device_config	8	static
GenericMQTTXcubeSample.c:855:5:parse_and_fill_device_config	24	static
GenericMQTTXcubeSample.c:184:6:app_needs_device_keypair	16	static
GenericMQTTXcubeSample.c:935:9:comp_left_ms	8	static
GenericMQTTXcubeSample.c:319:6:genericmqtt_client_XCube_sample_run	400	static
