arm_math.h:5745:30:arm_sqrt_f32	8	static
MotionSP.c:349:13:MotionSP_TD_SpeedEvalFromCircBuff.isra.0	12	static
MotionSP.c:220:13:MotionSP_SwSpeedRmsFilter	56	static
MotionSP.c:388:13:MotionSP_TD_AccRmsEvalFromCircBuff.isra.0.part.0	56	static
MotionSP.c:261:13:MotionSP_SwAccRmsFilter.constprop	56	static
MotionSP.c:161:13:MotionSP_evalSpeedFromAccelero.constprop	16	static
MotionSP.c:123:13:MotionSP_speedDelOffset.constprop	8	static
MotionSP.c:430:6:MotionSP_accDelOffset	8	static
MotionSP.c:469:6:MotionSP_CreateAccCircBuffer	16	static
MotionSP.c:492:6:MotionSP_TimeDomainProcess	16	static
MotionSP.c:536:6:MotionSP_TimeDomainEvalFromCircBuff	72	static
MotionSP.c:605:6:MotionSP_fftCalc	16	static
MotionSP.c:622:6:MotionSP_fftAdapt	20	static
MotionSP.c:647:6:MotionSP_fftAdapting	20	static
MotionSP.c:684:6:MotionSP_fftFindPeak	16	static
MotionSP.c:696:6:MotionSP_fftPeakFinding	16	static
MotionSP.c:712:6:MotionSP_SetWindFiltArray	48	static
MotionSP.c:767:6:motionSP_fftUseWindow	4	static
MotionSP.c:782:9:MotionSP_fftInBuild	24	static
MotionSP.c:825:9:MotionSP_fftAverageCalcSamples	32	static
MotionSP.c:875:9:MotionSP_fftAverageCalcTime	24	static
MotionSP.c:911:6:MotionSP_FrequencyDomainProcess	32	static
MotionSP.c:994:6:MotionSP_fftExecution	32	static
MotionSP.c:1087:6:MotionSP_evalMaxAmplitudeRange	40	static
MotionSP.c:1107:17:MotionSP_GetRealAcceleroOdr	0	static
MotionSP.c:1116:24:MotionSP_GetParameters	0	static
MotionSP.c:1125:19:MotionSP_GetAccMagResults	0	static
MotionSP.c:1134:20:MotionSP_GetTimeDomainData	0	static
