###############################################################################
#
# IAR ELF Linker V9.10.2.313/W64 for ARM                  20/Aug/2021  12:29:10
# Copyright 2007-2021 IAR Systems AB.
#
#    Output file  =
#        D:\TCC\B-L475E-IOT01A\STM32CubeExpansion_Cloud_CLD_GEN_V1.0.0\Projects\B-L475E-IOT01\Applications\Cloud\GenericMQTT\EWARM\B-L475E-IOT01\Exe\B-L475E-IOT01.out
#    Map file     =
#        D:\TCC\B-L475E-IOT01A\STM32CubeExpansion_Cloud_CLD_GEN_V1.0.0\Projects\B-L475E-IOT01\Applications\Cloud\GenericMQTT\EWARM\B-L475E-IOT01\List\B-L475E-IOT01.map
#    Command line =
#        -f
#        D:\TCC\B-L475E-IOT01A\STM32CubeExpansion_Cloud_CLD_GEN_V1.0.0\Projects\B-L475E-IOT01\Applications\Cloud\GenericMQTT\EWARM\B-L475E-IOT01\Exe\B-L475E-IOT01.out.rsp
#        (D:\TCC\B-L475E-IOT01A\STM32CubeExpansion_Cloud_CLD_GEN_V1.0.0\Projects\B-L475E-IOT01\Applications\Cloud\GenericMQTT\EWARM\B-L475E-IOT01\Obj\Middlewares\Third_Party\MbedTLS\aes.o
#        D:\TCC\B-L475E-IOT01A\STM32CubeExpansion_Cloud_CLD_GEN_V1.0.0\Projects\B-L475E-IOT01\Applications\Cloud\GenericMQTT\EWARM\B-L475E-IOT01\Obj\Middlewares\Third_Party\MbedTLS\aesni.o
#        D:\TCC\B-L475E-IOT01A\STM32CubeExpansion_Cloud_CLD_GEN_V1.0.0\Projects\B-L475E-IOT01\Applications\Cloud\GenericMQTT\EWARM\B-L475E-IOT01\Obj\Middlewares\Third_Party\MbedTLS\arc4.o
#        D:\TCC\B-L475E-IOT01A\STM32CubeExpansion_Cloud_CLD_GEN_V1.0.0\Projects\B-L475E-IOT01\Applications\Cloud\GenericMQTT\EWARM\B-L475E-IOT01\Obj\Middlewares\Third_Party\MbedTLS\asn1parse.o
#        D:\TCC\B-L475E-IOT01A\STM32CubeExpansion_Cloud_CLD_GEN_V1.0.0\Projects\B-L475E-IOT01\Applications\Cloud\GenericMQTT\EWARM\B-L475E-IOT01\Obj\Middlewares\Third_Party\MbedTLS\asn1write.o
#        D:\TCC\B-L475E-IOT01A\STM32CubeExpansion_Cloud_CLD_GEN_V1.0.0\Projects\B-L475E-IOT01\Applications\Cloud\GenericMQTT\EWARM\B-L475E-IOT01\Obj\Middlewares\Third_Party\MbedTLS\base64.o
#        D:\TCC\B-L475E-IOT01A\STM32CubeExpansion_Cloud_CLD_GEN_V1.0.0\Projects\B-L475E-IOT01\Applications\Cloud\GenericMQTT\EWARM\B-L475E-IOT01\Obj\Middlewares\Third_Party\MbedTLS\bignum.o
#        D:\TCC\B-L475E-IOT01A\STM32CubeExpansion_Cloud_CLD_GEN_V1.0.0\Projects\B-L475E-IOT01\Applications\Cloud\GenericMQTT\EWARM\B-L475E-IOT01\Obj\Middlewares\Third_Party\MbedTLS\blowfish.o
#        D:\TCC\B-L475E-IOT01A\STM32CubeExpansion_Cloud_CLD_GEN_V1.0.0\Projects\B-L475E-IOT01\Applications\Cloud\GenericMQTT\EWARM\B-L475E-IOT01\Obj\Middlewares\Third_Party\MbedTLS\camellia.o
#        D:\TCC\B-L475E-IOT01A\STM32CubeExpansion_Cloud_CLD_GEN_V1.0.0\Projects\B-L475E-IOT01\Applications\Cloud\GenericMQTT\EWARM\B-L475E-IOT01\Obj\Middlewares\Third_Party\MbedTLS\ccm.o
#        D:\TCC\B-L475E-IOT01A\STM32CubeExpansion_Cloud_CLD_GEN_V1.0.0\Projects\B-L475E-IOT01\Applications\Cloud\GenericMQTT\EWARM\B-L475E-IOT01\Obj\Middlewares\Third_Party\MbedTLS\certs.o
#        D:\TCC\B-L475E-IOT01A\STM32CubeExpansion_Cloud_CLD_GEN_V1.0.0\Projects\B-L475E-IOT01\Applications\Cloud\GenericMQTT\EWARM\B-L475E-IOT01\Obj\Middlewares\Third_Party\MbedTLS\cipher.o
#        D:\TCC\B-L475E-IOT01A\STM32CubeExpansion_Cloud_CLD_GEN_V1.0.0\Projects\B-L475E-IOT01\Applications\Cloud\GenericMQTT\EWARM\B-L475E-IOT01\Obj\Middlewares\Third_Party\MbedTLS\cipher_wrap.o
#        D:\TCC\B-L475E-IOT01A\STM32CubeExpansion_Cloud_CLD_GEN_V1.0.0\Projects\B-L475E-IOT01\Applications\Cloud\GenericMQTT\EWARM\B-L475E-IOT01\Obj\Middlewares\Third_Party\cJSON\cJSON.o
#        D:\TCC\B-L475E-IOT01A\STM32CubeExpansion_Cloud_CLD_GEN_V1.0.0\Projects\B-L475E-IOT01\Applications\Cloud\GenericMQTT\EWARM\B-L475E-IOT01\Obj\Application\Common\cloud.o
#        D:\TCC\B-L475E-IOT01A\STM32CubeExpansion_Cloud_CLD_GEN_V1.0.0\Projects\B-L475E-IOT01\Applications\Cloud\GenericMQTT\EWARM\B-L475E-IOT01\Obj\Middlewares\Third_Party\MbedTLS\cmac.o
#        D:\TCC\B-L475E-IOT01A\STM32CubeExpansion_Cloud_CLD_GEN_V1.0.0\Projects\B-L475E-IOT01\Applications\Cloud\GenericMQTT\EWARM\B-L475E-IOT01\Obj\Middlewares\Third_Party\MbedTLS\ctr_drbg.o
#        D:\TCC\B-L475E-IOT01A\STM32CubeExpansion_Cloud_CLD_GEN_V1.0.0\Projects\B-L475E-IOT01\Applications\Cloud\GenericMQTT\EWARM\B-L475E-IOT01\Obj\Middlewares\Third_Party\MbedTLS\debug.o
#        D:\TCC\B-L475E-IOT01A\STM32CubeExpansion_Cloud_CLD_GEN_V1.0.0\Projects\B-L475E-IOT01\Applications\Cloud\GenericMQTT\EWARM\B-L475E-IOT01\Obj\Middlewares\Third_Party\MbedTLS\des.o
#        D:\TCC\B-L475E-IOT01A\STM32CubeExpansion_Cloud_CLD_GEN_V1.0.0\Projects\B-L475E-IOT01\Applications\Cloud\GenericMQTT\EWARM\B-L475E-IOT01\Obj\Middlewares\Third_Party\MbedTLS\dhm.o
#        D:\TCC\B-L475E-IOT01A\STM32CubeExpansion_Cloud_CLD_GEN_V1.0.0\Projects\B-L475E-IOT01\Applications\Cloud\GenericMQTT\EWARM\B-L475E-IOT01\Obj\Middlewares\Third_Party\MbedTLS\ecdh.o
#        D:\TCC\B-L475E-IOT01A\STM32CubeExpansion_Cloud_CLD_GEN_V1.0.0\Projects\B-L475E-IOT01\Applications\Cloud\GenericMQTT\EWARM\B-L475E-IOT01\Obj\Middlewares\Third_Party\MbedTLS\ecdsa.o
#        D:\TCC\B-L475E-IOT01A\STM32CubeExpansion_Cloud_CLD_GEN_V1.0.0\Projects\B-L475E-IOT01\Applications\Cloud\GenericMQTT\EWARM\B-L475E-IOT01\Obj\Middlewares\Third_Party\MbedTLS\ecjpake.o
#        D:\TCC\B-L475E-IOT01A\STM32CubeExpansion_Cloud_CLD_GEN_V1.0.0\Projects\B-L475E-IOT01\Applications\Cloud\GenericMQTT\EWARM\B-L475E-IOT01\Obj\Middlewares\Third_Party\MbedTLS\ecp.o
#        D:\TCC\B-L475E-IOT01A\STM32CubeExpansion_Cloud_CLD_GEN_V1.0.0\Projects\B-L475E-IOT01\Applications\Cloud\GenericMQTT\EWARM\B-L475E-IOT01\Obj\Middlewares\Third_Party\MbedTLS\ecp_curves.o
#        D:\TCC\B-L475E-IOT01A\STM32CubeExpansion_Cloud_CLD_GEN_V1.0.0\Projects\B-L475E-IOT01\Applications\Cloud\GenericMQTT\EWARM\B-L475E-IOT01\Obj\Middlewares\Third_Party\MbedTLS\entropy.o
#        D:\TCC\B-L475E-IOT01A\STM32CubeExpansion_Cloud_CLD_GEN_V1.0.0\Projects\B-L475E-IOT01\Applications\Cloud\GenericMQTT\EWARM\B-L475E-IOT01\Obj\Application\Common\entropy_hardware_poll.o
#        D:\TCC\B-L475E-IOT01A\STM32CubeExpansion_Cloud_CLD_GEN_V1.0.0\Projects\B-L475E-IOT01\Applications\Cloud\GenericMQTT\EWARM\B-L475E-IOT01\Obj\Middlewares\Third_Party\MbedTLS\entropy_poll.o
#        D:\TCC\B-L475E-IOT01A\STM32CubeExpansion_Cloud_CLD_GEN_V1.0.0\Projects\B-L475E-IOT01\Applications\Cloud\GenericMQTT\EWARM\B-L475E-IOT01\Obj\Middlewares\Third_Party\MbedTLS\error.o
#        D:\TCC\B-L475E-IOT01A\STM32CubeExpansion_Cloud_CLD_GEN_V1.0.0\Projects\B-L475E-IOT01\Applications\Cloud\GenericMQTT\EWARM\B-L475E-IOT01\Obj\Drivers\BSP\es_wifi.o
#        D:\TCC\B-L475E-IOT01A\STM32CubeExpansion_Cloud_CLD_GEN_V1.0.0\Projects\B-L475E-IOT01\Applications\Cloud\GenericMQTT\EWARM\B-L475E-IOT01\Obj\Application\Wifi\es_wifi_io.o
#        D:\TCC\B-L475E-IOT01A\STM32CubeExpansion_Cloud_CLD_GEN_V1.0.0\Projects\B-L475E-IOT01\Applications\Cloud\GenericMQTT\EWARM\B-L475E-IOT01\Obj\Application\Common\flash_l4.o
#        D:\TCC\B-L475E-IOT01A\STM32CubeExpansion_Cloud_CLD_GEN_V1.0.0\Projects\B-L475E-IOT01\Applications\Cloud\GenericMQTT\EWARM\B-L475E-IOT01\Obj\Middlewares\Third_Party\MbedTLS\gcm.o
#        D:\TCC\B-L475E-IOT01A\STM32CubeExpansion_Cloud_CLD_GEN_V1.0.0\Projects\B-L475E-IOT01\Applications\Cloud\GenericMQTT\EWARM\B-L475E-IOT01\Obj\Application\GenericMQTT\GenericMQTTXcubeSample.o
#        D:\TCC\B-L475E-IOT01A\STM32CubeExpansion_Cloud_CLD_GEN_V1.0.0\Projects\B-L475E-IOT01\Applications\Cloud\GenericMQTT\EWARM\B-L475E-IOT01\Obj\Middlewares\Third_Party\MbedTLS\havege.o
#        D:\TCC\B-L475E-IOT01A\STM32CubeExpansion_Cloud_CLD_GEN_V1.0.0\Projects\B-L475E-IOT01\Applications\Cloud\GenericMQTT\EWARM\B-L475E-IOT01\Obj\Application\Common\heap.o
#        D:\TCC\B-L475E-IOT01A\STM32CubeExpansion_Cloud_CLD_GEN_V1.0.0\Projects\B-L475E-IOT01\Applications\Cloud\GenericMQTT\EWARM\B-L475E-IOT01\Obj\Middlewares\Third_Party\MbedTLS\hmac_drbg.o
#        D:\TCC\B-L475E-IOT01A\STM32CubeExpansion_Cloud_CLD_GEN_V1.0.0\Projects\B-L475E-IOT01\Applications\Cloud\GenericMQTT\EWARM\B-L475E-IOT01\Obj\Drivers\BSP\Components\HTS221\hts221.o
#        D:\TCC\B-L475E-IOT01A\STM32CubeExpansion_Cloud_CLD_GEN_V1.0.0\Projects\B-L475E-IOT01\Applications\Cloud\GenericMQTT\EWARM\B-L475E-IOT01\Obj\Application\Common\http_util.o
#        D:\TCC\B-L475E-IOT01A\STM32CubeExpansion_Cloud_CLD_GEN_V1.0.0\Projects\B-L475E-IOT01\Applications\Cloud\GenericMQTT\EWARM\B-L475E-IOT01\Obj\Application\Common\iot_flash_config.o
#        D:\TCC\B-L475E-IOT01A\STM32CubeExpansion_Cloud_CLD_GEN_V1.0.0\Projects\B-L475E-IOT01\Applications\Cloud\GenericMQTT\EWARM\B-L475E-IOT01\Obj\Drivers\BSP\Components\LIS3MDL\lis3mdl.o
#        D:\TCC\B-L475E-IOT01A\STM32CubeExpansion_Cloud_CLD_GEN_V1.0.0\Projects\B-L475E-IOT01\Applications\Cloud\GenericMQTT\EWARM\B-L475E-IOT01\Obj\Drivers\BSP\Components\LPS22HB\lps22hb.o
#        D:\TCC\B-L475E-IOT01A\STM32CubeExpansion_Cloud_CLD_GEN_V1.0.0\Projects\B-L475E-IOT01\Applications\Cloud\GenericMQTT\EWARM\B-L475E-IOT01\Obj\Drivers\BSP\Components\LSM6DSL\lsm6dsl.o
#        D:\TCC\B-L475E-IOT01A\STM32CubeExpansion_Cloud_CLD_GEN_V1.0.0\Projects\B-L475E-IOT01\Applications\Cloud\GenericMQTT\EWARM\B-L475E-IOT01\Obj\Application\User\main.o
#        D:\TCC\B-L475E-IOT01A\STM32CubeExpansion_Cloud_CLD_GEN_V1.0.0\Projects\B-L475E-IOT01\Applications\Cloud\GenericMQTT\EWARM\B-L475E-IOT01\Obj\Application\Common\mbedtls_net.o
#        D:\TCC\B-L475E-IOT01A\STM32CubeExpansion_Cloud_CLD_GEN_V1.0.0\Projects\B-L475E-IOT01\Applications\Cloud\GenericMQTT\EWARM\B-L475E-IOT01\Obj\Middlewares\Third_Party\MbedTLS\md.o
#        D:\TCC\B-L475E-IOT01A\STM32CubeExpansion_Cloud_CLD_GEN_V1.0.0\Projects\B-L475E-IOT01\Applications\Cloud\GenericMQTT\EWARM\B-L475E-IOT01\Obj\Middlewares\Third_Party\MbedTLS\md2.o
#        D:\TCC\B-L475E-IOT01A\STM32CubeExpansion_Cloud_CLD_GEN_V1.0.0\Projects\B-L475E-IOT01\Applications\Cloud\GenericMQTT\EWARM\B-L475E-IOT01\Obj\Middlewares\Third_Party\MbedTLS\md4.o
#        D:\TCC\B-L475E-IOT01A\STM32CubeExpansion_Cloud_CLD_GEN_V1.0.0\Projects\B-L475E-IOT01\Applications\Cloud\GenericMQTT\EWARM\B-L475E-IOT01\Obj\Middlewares\Third_Party\MbedTLS\md5.o
#        D:\TCC\B-L475E-IOT01A\STM32CubeExpansion_Cloud_CLD_GEN_V1.0.0\Projects\B-L475E-IOT01\Applications\Cloud\GenericMQTT\EWARM\B-L475E-IOT01\Obj\Middlewares\Third_Party\MbedTLS\md_wrap.o
#        D:\TCC\B-L475E-IOT01A\STM32CubeExpansion_Cloud_CLD_GEN_V1.0.0\Projects\B-L475E-IOT01\Applications\Cloud\GenericMQTT\EWARM\B-L475E-IOT01\Obj\Middlewares\Third_Party\MbedTLS\memory_buffer_alloc.o
#        D:\TCC\B-L475E-IOT01A\STM32CubeExpansion_Cloud_CLD_GEN_V1.0.0\Projects\B-L475E-IOT01\Applications\Cloud\GenericMQTT\EWARM\B-L475E-IOT01\Obj\Middlewares\Third_Party\MQTTClient-C\MQTTClient.o
#        D:\TCC\B-L475E-IOT01A\STM32CubeExpansion_Cloud_CLD_GEN_V1.0.0\Projects\B-L475E-IOT01\Applications\Cloud\GenericMQTT\EWARM\B-L475E-IOT01\Obj\Middlewares\Third_Party\MQTTPacket\MQTTConnectClient.o
#        D:\TCC\B-L475E-IOT01A\STM32CubeExpansion_Cloud_CLD_GEN_V1.0.0\Projects\B-L475E-IOT01\Applications\Cloud\GenericMQTT\EWARM\B-L475E-IOT01\Obj\Middlewares\Third_Party\MQTTPacket\MQTTConnectServer.o
#        D:\TCC\B-L475E-IOT01A\STM32CubeExpansion_Cloud_CLD_GEN_V1.0.0\Projects\B-L475E-IOT01\Applications\Cloud\GenericMQTT\EWARM\B-L475E-IOT01\Obj\Middlewares\Third_Party\MQTTPacket\MQTTDeserializePublish.o
#        D:\TCC\B-L475E-IOT01A\STM32CubeExpansion_Cloud_CLD_GEN_V1.0.0\Projects\B-L475E-IOT01\Applications\Cloud\GenericMQTT\EWARM\B-L475E-IOT01\Obj\Middlewares\Third_Party\MQTTPacket\MQTTFormat.o
#        D:\TCC\B-L475E-IOT01A\STM32CubeExpansion_Cloud_CLD_GEN_V1.0.0\Projects\B-L475E-IOT01\Applications\Cloud\GenericMQTT\EWARM\B-L475E-IOT01\Obj\Middlewares\Third_Party\MQTTPacket\MQTTPacket.o
#        D:\TCC\B-L475E-IOT01A\STM32CubeExpansion_Cloud_CLD_GEN_V1.0.0\Projects\B-L475E-IOT01\Applications\Cloud\GenericMQTT\EWARM\B-L475E-IOT01\Obj\Middlewares\Third_Party\MQTTPacket\MQTTSerializePublish.o
#        D:\TCC\B-L475E-IOT01A\STM32CubeExpansion_Cloud_CLD_GEN_V1.0.0\Projects\B-L475E-IOT01\Applications\Cloud\GenericMQTT\EWARM\B-L475E-IOT01\Obj\Middlewares\Third_Party\MQTTPacket\MQTTSubscribeClient.o
#        D:\TCC\B-L475E-IOT01A\STM32CubeExpansion_Cloud_CLD_GEN_V1.0.0\Projects\B-L475E-IOT01\Applications\Cloud\GenericMQTT\EWARM\B-L475E-IOT01\Obj\Middlewares\Third_Party\MQTTPacket\MQTTSubscribeServer.o
#        D:\TCC\B-L475E-IOT01A\STM32CubeExpansion_Cloud_CLD_GEN_V1.0.0\Projects\B-L475E-IOT01\Applications\Cloud\GenericMQTT\EWARM\B-L475E-IOT01\Obj\Middlewares\Third_Party\MQTTPacket\MQTTUnsubscribeClient.o
#        D:\TCC\B-L475E-IOT01A\STM32CubeExpansion_Cloud_CLD_GEN_V1.0.0\Projects\B-L475E-IOT01\Applications\Cloud\GenericMQTT\EWARM\B-L475E-IOT01\Obj\Middlewares\Third_Party\MQTTPacket\MQTTUnsubscribeServer.o
#        D:\TCC\B-L475E-IOT01A\STM32CubeExpansion_Cloud_CLD_GEN_V1.0.0\Projects\B-L475E-IOT01\Applications\Cloud\GenericMQTT\EWARM\B-L475E-IOT01\Obj\Application\Common\net.o
#        D:\TCC\B-L475E-IOT01A\STM32CubeExpansion_Cloud_CLD_GEN_V1.0.0\Projects\B-L475E-IOT01\Applications\Cloud\GenericMQTT\EWARM\B-L475E-IOT01\Obj\Application\Common\net_tcp_wifi.o
#        D:\TCC\B-L475E-IOT01A\STM32CubeExpansion_Cloud_CLD_GEN_V1.0.0\Projects\B-L475E-IOT01\Applications\Cloud\GenericMQTT\EWARM\B-L475E-IOT01\Obj\Application\Common\net_tls_mbedtls.o
#        D:\TCC\B-L475E-IOT01A\STM32CubeExpansion_Cloud_CLD_GEN_V1.0.0\Projects\B-L475E-IOT01\Applications\Cloud\GenericMQTT\EWARM\B-L475E-IOT01\Obj\Middlewares\Third_Party\MbedTLS\oid.o
#        D:\TCC\B-L475E-IOT01A\STM32CubeExpansion_Cloud_CLD_GEN_V1.0.0\Projects\B-L475E-IOT01\Applications\Cloud\GenericMQTT\EWARM\B-L475E-IOT01\Obj\Middlewares\Third_Party\MbedTLS\padlock.o
#        D:\TCC\B-L475E-IOT01A\STM32CubeExpansion_Cloud_CLD_GEN_V1.0.0\Projects\B-L475E-IOT01\Applications\Cloud\GenericMQTT\EWARM\B-L475E-IOT01\Obj\Application\Common\paho_timer.o
#        D:\TCC\B-L475E-IOT01A\STM32CubeExpansion_Cloud_CLD_GEN_V1.0.0\Projects\B-L475E-IOT01\Applications\Cloud\GenericMQTT\EWARM\B-L475E-IOT01\Obj\Middlewares\Third_Party\MbedTLS\pem.o
#        D:\TCC\B-L475E-IOT01A\STM32CubeExpansion_Cloud_CLD_GEN_V1.0.0\Projects\B-L475E-IOT01\Applications\Cloud\GenericMQTT\EWARM\B-L475E-IOT01\Obj\Middlewares\Third_Party\MbedTLS\pk.o
#        D:\TCC\B-L475E-IOT01A\STM32CubeExpansion_Cloud_CLD_GEN_V1.0.0\Projects\B-L475E-IOT01\Applications\Cloud\GenericMQTT\EWARM\B-L475E-IOT01\Obj\Middlewares\Third_Party\MbedTLS\pk_wrap.o
#        D:\TCC\B-L475E-IOT01A\STM32CubeExpansion_Cloud_CLD_GEN_V1.0.0\Projects\B-L475E-IOT01\Applications\Cloud\GenericMQTT\EWARM\B-L475E-IOT01\Obj\Middlewares\Third_Party\MbedTLS\pkcs11.o
#        D:\TCC\B-L475E-IOT01A\STM32CubeExpansion_Cloud_CLD_GEN_V1.0.0\Projects\B-L475E-IOT01\Applications\Cloud\GenericMQTT\EWARM\B-L475E-IOT01\Obj\Middlewares\Third_Party\MbedTLS\pkcs12.o
#        D:\TCC\B-L475E-IOT01A\STM32CubeExpansion_Cloud_CLD_GEN_V1.0.0\Projects\B-L475E-IOT01\Applications\Cloud\GenericMQTT\EWARM\B-L475E-IOT01\Obj\Middlewares\Third_Party\MbedTLS\pkcs5.o
#        D:\TCC\B-L475E-IOT01A\STM32CubeExpansion_Cloud_CLD_GEN_V1.0.0\Projects\B-L475E-IOT01\Applications\Cloud\GenericMQTT\EWARM\B-L475E-IOT01\Obj\Middlewares\Third_Party\MbedTLS\pkparse.o
#        D:\TCC\B-L475E-IOT01A\STM32CubeExpansion_Cloud_CLD_GEN_V1.0.0\Projects\B-L475E-IOT01\Applications\Cloud\GenericMQTT\EWARM\B-L475E-IOT01\Obj\Middlewares\Third_Party\MbedTLS\pkwrite.o
#        D:\TCC\B-L475E-IOT01A\STM32CubeExpansion_Cloud_CLD_GEN_V1.0.0\Projects\B-L475E-IOT01\Applications\Cloud\GenericMQTT\EWARM\B-L475E-IOT01\Obj\Middlewares\Third_Party\MbedTLS\platform.o
#        D:\TCC\B-L475E-IOT01A\STM32CubeExpansion_Cloud_CLD_GEN_V1.0.0\Projects\B-L475E-IOT01\Applications\Cloud\GenericMQTT\EWARM\B-L475E-IOT01\Obj\Application\Common\rfu.o
#        D:\TCC\B-L475E-IOT01A\STM32CubeExpansion_Cloud_CLD_GEN_V1.0.0\Projects\B-L475E-IOT01\Applications\Cloud\GenericMQTT\EWARM\B-L475E-IOT01\Obj\Middlewares\Third_Party\MbedTLS\ripemd160.o
#        D:\TCC\B-L475E-IOT01A\STM32CubeExpansion_Cloud_CLD_GEN_V1.0.0\Projects\B-L475E-IOT01\Applications\Cloud\GenericMQTT\EWARM\B-L475E-IOT01\Obj\Middlewares\Third_Party\MbedTLS\rsa.o
#        D:\TCC\B-L475E-IOT01A\STM32CubeExpansion_Cloud_CLD_GEN_V1.0.0\Projects\B-L475E-IOT01\Applications\Cloud\GenericMQTT\EWARM\B-L475E-IOT01\Obj\Application\Common\sensors_data.o
#        D:\TCC\B-L475E-IOT01A\STM32CubeExpansion_Cloud_CLD_GEN_V1.0.0\Projects\B-L475E-IOT01\Applications\Cloud\GenericMQTT\EWARM\B-L475E-IOT01\Obj\Middlewares\Third_Party\MbedTLS\sha1.o
#        D:\TCC\B-L475E-IOT01A\STM32CubeExpansion_Cloud_CLD_GEN_V1.0.0\Projects\B-L475E-IOT01\Applications\Cloud\GenericMQTT\EWARM\B-L475E-IOT01\Obj\Middlewares\Third_Party\MbedTLS\sha256.o
#        D:\TCC\B-L475E-IOT01A\STM32CubeExpansion_Cloud_CLD_GEN_V1.0.0\Projects\B-L475E-IOT01\Applications\Cloud\GenericMQTT\EWARM\B-L475E-IOT01\Obj\Middlewares\Third_Party\MbedTLS\sha512.o
#        D:\TCC\B-L475E-IOT01A\STM32CubeExpansion_Cloud_CLD_GEN_V1.0.0\Projects\B-L475E-IOT01\Applications\Cloud\GenericMQTT\EWARM\B-L475E-IOT01\Obj\Middlewares\Third_Party\MbedTLS\ssl_cache.o
#        D:\TCC\B-L475E-IOT01A\STM32CubeExpansion_Cloud_CLD_GEN_V1.0.0\Projects\B-L475E-IOT01\Applications\Cloud\GenericMQTT\EWARM\B-L475E-IOT01\Obj\Middlewares\Third_Party\MbedTLS\ssl_ciphersuites.o
#        D:\TCC\B-L475E-IOT01A\STM32CubeExpansion_Cloud_CLD_GEN_V1.0.0\Projects\B-L475E-IOT01\Applications\Cloud\GenericMQTT\EWARM\B-L475E-IOT01\Obj\Middlewares\Third_Party\MbedTLS\ssl_cli.o
#        D:\TCC\B-L475E-IOT01A\STM32CubeExpansion_Cloud_CLD_GEN_V1.0.0\Projects\B-L475E-IOT01\Applications\Cloud\GenericMQTT\EWARM\B-L475E-IOT01\Obj\Middlewares\Third_Party\MbedTLS\ssl_cookie.o
#        D:\TCC\B-L475E-IOT01A\STM32CubeExpansion_Cloud_CLD_GEN_V1.0.0\Projects\B-L475E-IOT01\Applications\Cloud\GenericMQTT\EWARM\B-L475E-IOT01\Obj\Middlewares\Third_Party\MbedTLS\ssl_srv.o
#        D:\TCC\B-L475E-IOT01A\STM32CubeExpansion_Cloud_CLD_GEN_V1.0.0\Projects\B-L475E-IOT01\Applications\Cloud\GenericMQTT\EWARM\B-L475E-IOT01\Obj\Middlewares\Third_Party\MbedTLS\ssl_ticket.o
#        D:\TCC\B-L475E-IOT01A\STM32CubeExpansion_Cloud_CLD_GEN_V1.0.0\Projects\B-L475E-IOT01\Applications\Cloud\GenericMQTT\EWARM\B-L475E-IOT01\Obj\Middlewares\Third_Party\MbedTLS\ssl_tls.o
#        D:\TCC\B-L475E-IOT01A\STM32CubeExpansion_Cloud_CLD_GEN_V1.0.0\Projects\B-L475E-IOT01\Applications\Cloud\GenericMQTT\EWARM\B-L475E-IOT01\Obj\Application\EWARM\startup_stm32l475xx.o
#        D:\TCC\B-L475E-IOT01A\STM32CubeExpansion_Cloud_CLD_GEN_V1.0.0\Projects\B-L475E-IOT01\Applications\Cloud\GenericMQTT\EWARM\B-L475E-IOT01\Obj\Application\Common\STM32CubeRTCInterface.o
#        D:\TCC\B-L475E-IOT01A\STM32CubeExpansion_Cloud_CLD_GEN_V1.0.0\Projects\B-L475E-IOT01\Applications\Cloud\GenericMQTT\EWARM\B-L475E-IOT01\Obj\Drivers\BSP\B-L475E-IOT01\stm32l475e_iot01.o
#        D:\TCC\B-L475E-IOT01A\STM32CubeExpansion_Cloud_CLD_GEN_V1.0.0\Projects\B-L475E-IOT01\Applications\Cloud\GenericMQTT\EWARM\B-L475E-IOT01\Obj\Drivers\BSP\B-L475E-IOT01\stm32l475e_iot01_accelero.o
#        D:\TCC\B-L475E-IOT01A\STM32CubeExpansion_Cloud_CLD_GEN_V1.0.0\Projects\B-L475E-IOT01\Applications\Cloud\GenericMQTT\EWARM\B-L475E-IOT01\Obj\Drivers\BSP\B-L475E-IOT01\stm32l475e_iot01_gyro.o
#        D:\TCC\B-L475E-IOT01A\STM32CubeExpansion_Cloud_CLD_GEN_V1.0.0\Projects\B-L475E-IOT01\Applications\Cloud\GenericMQTT\EWARM\B-L475E-IOT01\Obj\Drivers\BSP\B-L475E-IOT01\stm32l475e_iot01_hsensor.o
#        D:\TCC\B-L475E-IOT01A\STM32CubeExpansion_Cloud_CLD_GEN_V1.0.0\Projects\B-L475E-IOT01\Applications\Cloud\GenericMQTT\EWARM\B-L475E-IOT01\Obj\Drivers\BSP\B-L475E-IOT01\stm32l475e_iot01_magneto.o
#        D:\TCC\B-L475E-IOT01A\STM32CubeExpansion_Cloud_CLD_GEN_V1.0.0\Projects\B-L475E-IOT01\Applications\Cloud\GenericMQTT\EWARM\B-L475E-IOT01\Obj\Drivers\BSP\B-L475E-IOT01\stm32l475e_iot01_psensor.o
#        D:\TCC\B-L475E-IOT01A\STM32CubeExpansion_Cloud_CLD_GEN_V1.0.0\Projects\B-L475E-IOT01\Applications\Cloud\GenericMQTT\EWARM\B-L475E-IOT01\Obj\Drivers\BSP\B-L475E-IOT01\stm32l475e_iot01_tsensor.o
#        D:\TCC\B-L475E-IOT01A\STM32CubeExpansion_Cloud_CLD_GEN_V1.0.0\Projects\B-L475E-IOT01\Applications\Cloud\GenericMQTT\EWARM\B-L475E-IOT01\Obj\Drivers\STM32L4xx_HAL_Driver\stm32l4xx_hal.o
#        D:\TCC\B-L475E-IOT01A\STM32CubeExpansion_Cloud_CLD_GEN_V1.0.0\Projects\B-L475E-IOT01\Applications\Cloud\GenericMQTT\EWARM\B-L475E-IOT01\Obj\Drivers\STM32L4xx_HAL_Driver\stm32l4xx_hal_can.o
#        D:\TCC\B-L475E-IOT01A\STM32CubeExpansion_Cloud_CLD_GEN_V1.0.0\Projects\B-L475E-IOT01\Applications\Cloud\GenericMQTT\EWARM\B-L475E-IOT01\Obj\Drivers\STM32L4xx_HAL_Driver\stm32l4xx_hal_cortex.o
#        D:\TCC\B-L475E-IOT01A\STM32CubeExpansion_Cloud_CLD_GEN_V1.0.0\Projects\B-L475E-IOT01\Applications\Cloud\GenericMQTT\EWARM\B-L475E-IOT01\Obj\Drivers\STM32L4xx_HAL_Driver\stm32l4xx_hal_crc.o
#        D:\TCC\B-L475E-IOT01A\STM32CubeExpansion_Cloud_CLD_GEN_V1.0.0\Projects\B-L475E-IOT01\Applications\Cloud\GenericMQTT\EWARM\B-L475E-IOT01\Obj\Drivers\STM32L4xx_HAL_Driver\stm32l4xx_hal_cryp.o
#        D:\TCC\B-L475E-IOT01A\STM32CubeExpansion_Cloud_CLD_GEN_V1.0.0\Projects\B-L475E-IOT01\Applications\Cloud\GenericMQTT\EWARM\B-L475E-IOT01\Obj\Drivers\STM32L4xx_HAL_Driver\stm32l4xx_hal_cryp_ex.o
#        D:\TCC\B-L475E-IOT01A\STM32CubeExpansion_Cloud_CLD_GEN_V1.0.0\Projects\B-L475E-IOT01\Applications\Cloud\GenericMQTT\EWARM\B-L475E-IOT01\Obj\Drivers\STM32L4xx_HAL_Driver\stm32l4xx_hal_dac.o
#        D:\TCC\B-L475E-IOT01A\STM32CubeExpansion_Cloud_CLD_GEN_V1.0.0\Projects\B-L475E-IOT01\Applications\Cloud\GenericMQTT\EWARM\B-L475E-IOT01\Obj\Drivers\STM32L4xx_HAL_Driver\stm32l4xx_hal_dac_ex.o
#        D:\TCC\B-L475E-IOT01A\STM32CubeExpansion_Cloud_CLD_GEN_V1.0.0\Projects\B-L475E-IOT01\Applications\Cloud\GenericMQTT\EWARM\B-L475E-IOT01\Obj\Drivers\STM32L4xx_HAL_Driver\stm32l4xx_hal_dfsdm.o
#        D:\TCC\B-L475E-IOT01A\STM32CubeExpansion_Cloud_CLD_GEN_V1.0.0\Projects\B-L475E-IOT01\Applications\Cloud\GenericMQTT\EWARM\B-L475E-IOT01\Obj\Drivers\STM32L4xx_HAL_Driver\stm32l4xx_hal_dma.o
#        D:\TCC\B-L475E-IOT01A\STM32CubeExpansion_Cloud_CLD_GEN_V1.0.0\Projects\B-L475E-IOT01\Applications\Cloud\GenericMQTT\EWARM\B-L475E-IOT01\Obj\Drivers\STM32L4xx_HAL_Driver\stm32l4xx_hal_flash.o
#        D:\TCC\B-L475E-IOT01A\STM32CubeExpansion_Cloud_CLD_GEN_V1.0.0\Projects\B-L475E-IOT01\Applications\Cloud\GenericMQTT\EWARM\B-L475E-IOT01\Obj\Drivers\STM32L4xx_HAL_Driver\stm32l4xx_hal_flash_ex.o
#        D:\TCC\B-L475E-IOT01A\STM32CubeExpansion_Cloud_CLD_GEN_V1.0.0\Projects\B-L475E-IOT01\Applications\Cloud\GenericMQTT\EWARM\B-L475E-IOT01\Obj\Drivers\STM32L4xx_HAL_Driver\stm32l4xx_hal_gpio.o
#        D:\TCC\B-L475E-IOT01A\STM32CubeExpansion_Cloud_CLD_GEN_V1.0.0\Projects\B-L475E-IOT01\Applications\Cloud\GenericMQTT\EWARM\B-L475E-IOT01\Obj\Drivers\STM32L4xx_HAL_Driver\stm32l4xx_hal_hash.o
#        D:\TCC\B-L475E-IOT01A\STM32CubeExpansion_Cloud_CLD_GEN_V1.0.0\Projects\B-L475E-IOT01\Applications\Cloud\GenericMQTT\EWARM\B-L475E-IOT01\Obj\Drivers\STM32L4xx_HAL_Driver\stm32l4xx_hal_hash_ex.o
#        D:\TCC\B-L475E-IOT01A\STM32CubeExpansion_Cloud_CLD_GEN_V1.0.0\Projects\B-L475E-IOT01\Applications\Cloud\GenericMQTT\EWARM\B-L475E-IOT01\Obj\Drivers\STM32L4xx_HAL_Driver\stm32l4xx_hal_i2c.o
#        D:\TCC\B-L475E-IOT01A\STM32CubeExpansion_Cloud_CLD_GEN_V1.0.0\Projects\B-L475E-IOT01\Applications\Cloud\GenericMQTT\EWARM\B-L475E-IOT01\Obj\Drivers\STM32L4xx_HAL_Driver\stm32l4xx_hal_i2c_ex.o
#        D:\TCC\B-L475E-IOT01A\STM32CubeExpansion_Cloud_CLD_GEN_V1.0.0\Projects\B-L475E-IOT01\Applications\Cloud\GenericMQTT\EWARM\B-L475E-IOT01\Obj\Drivers\STM32L4xx_HAL_Driver\stm32l4xx_hal_iwdg.o
#        D:\TCC\B-L475E-IOT01A\STM32CubeExpansion_Cloud_CLD_GEN_V1.0.0\Projects\B-L475E-IOT01\Applications\Cloud\GenericMQTT\EWARM\B-L475E-IOT01\Obj\Drivers\STM32L4xx_HAL_Driver\stm32l4xx_hal_lptim.o
#        D:\TCC\B-L475E-IOT01A\STM32CubeExpansion_Cloud_CLD_GEN_V1.0.0\Projects\B-L475E-IOT01\Applications\Cloud\GenericMQTT\EWARM\B-L475E-IOT01\Obj\Application\User\stm32l4xx_hal_msp.o
#        D:\TCC\B-L475E-IOT01A\STM32CubeExpansion_Cloud_CLD_GEN_V1.0.0\Projects\B-L475E-IOT01\Applications\Cloud\GenericMQTT\EWARM\B-L475E-IOT01\Obj\Drivers\STM32L4xx_HAL_Driver\stm32l4xx_hal_nand.o
#        D:\TCC\B-L475E-IOT01A\STM32CubeExpansion_Cloud_CLD_GEN_V1.0.0\Projects\B-L475E-IOT01\Applications\Cloud\GenericMQTT\EWARM\B-L475E-IOT01\Obj\Drivers\STM32L4xx_HAL_Driver\stm32l4xx_hal_nor.o
#        D:\TCC\B-L475E-IOT01A\STM32CubeExpansion_Cloud_CLD_GEN_V1.0.0\Projects\B-L475E-IOT01\Applications\Cloud\GenericMQTT\EWARM\B-L475E-IOT01\Obj\Drivers\STM32L4xx_HAL_Driver\stm32l4xx_hal_pwr.o
#        D:\TCC\B-L475E-IOT01A\STM32CubeExpansion_Cloud_CLD_GEN_V1.0.0\Projects\B-L475E-IOT01\Applications\Cloud\GenericMQTT\EWARM\B-L475E-IOT01\Obj\Drivers\STM32L4xx_HAL_Driver\stm32l4xx_hal_pwr_ex.o
#        D:\TCC\B-L475E-IOT01A\STM32CubeExpansion_Cloud_CLD_GEN_V1.0.0\Projects\B-L475E-IOT01\Applications\Cloud\GenericMQTT\EWARM\B-L475E-IOT01\Obj\Drivers\STM32L4xx_HAL_Driver\stm32l4xx_hal_qspi.o
#        D:\TCC\B-L475E-IOT01A\STM32CubeExpansion_Cloud_CLD_GEN_V1.0.0\Projects\B-L475E-IOT01\Applications\Cloud\GenericMQTT\EWARM\B-L475E-IOT01\Obj\Drivers\STM32L4xx_HAL_Driver\stm32l4xx_hal_rcc.o
#        D:\TCC\B-L475E-IOT01A\STM32CubeExpansion_Cloud_CLD_GEN_V1.0.0\Projects\B-L475E-IOT01\Applications\Cloud\GenericMQTT\EWARM\B-L475E-IOT01\Obj\Drivers\STM32L4xx_HAL_Driver\stm32l4xx_hal_rcc_ex.o
#        D:\TCC\B-L475E-IOT01A\STM32CubeExpansion_Cloud_CLD_GEN_V1.0.0\Projects\B-L475E-IOT01\Applications\Cloud\GenericMQTT\EWARM\B-L475E-IOT01\Obj\Drivers\STM32L4xx_HAL_Driver\stm32l4xx_hal_rng.o
#        D:\TCC\B-L475E-IOT01A\STM32CubeExpansion_Cloud_CLD_GEN_V1.0.0\Projects\B-L475E-IOT01\Applications\Cloud\GenericMQTT\EWARM\B-L475E-IOT01\Obj\Drivers\STM32L4xx_HAL_Driver\stm32l4xx_hal_rtc.o
#        D:\TCC\B-L475E-IOT01A\STM32CubeExpansion_Cloud_CLD_GEN_V1.0.0\Projects\B-L475E-IOT01\Applications\Cloud\GenericMQTT\EWARM\B-L475E-IOT01\Obj\Drivers\STM32L4xx_HAL_Driver\stm32l4xx_hal_rtc_ex.o
#        D:\TCC\B-L475E-IOT01A\STM32CubeExpansion_Cloud_CLD_GEN_V1.0.0\Projects\B-L475E-IOT01\Applications\Cloud\GenericMQTT\EWARM\B-L475E-IOT01\Obj\Drivers\STM32L4xx_HAL_Driver\stm32l4xx_hal_spi.o
#        D:\TCC\B-L475E-IOT01A\STM32CubeExpansion_Cloud_CLD_GEN_V1.0.0\Projects\B-L475E-IOT01\Applications\Cloud\GenericMQTT\EWARM\B-L475E-IOT01\Obj\Drivers\STM32L4xx_HAL_Driver\stm32l4xx_hal_spi_ex.o
#        D:\TCC\B-L475E-IOT01A\STM32CubeExpansion_Cloud_CLD_GEN_V1.0.0\Projects\B-L475E-IOT01\Applications\Cloud\GenericMQTT\EWARM\B-L475E-IOT01\Obj\Drivers\STM32L4xx_HAL_Driver\stm32l4xx_hal_sram.o
#        D:\TCC\B-L475E-IOT01A\STM32CubeExpansion_Cloud_CLD_GEN_V1.0.0\Projects\B-L475E-IOT01\Applications\Cloud\GenericMQTT\EWARM\B-L475E-IOT01\Obj\Drivers\STM32L4xx_HAL_Driver\stm32l4xx_hal_tim.o
#        D:\TCC\B-L475E-IOT01A\STM32CubeExpansion_Cloud_CLD_GEN_V1.0.0\Projects\B-L475E-IOT01\Applications\Cloud\GenericMQTT\EWARM\B-L475E-IOT01\Obj\Drivers\STM32L4xx_HAL_Driver\stm32l4xx_hal_tim_ex.o
#        D:\TCC\B-L475E-IOT01A\STM32CubeExpansion_Cloud_CLD_GEN_V1.0.0\Projects\B-L475E-IOT01\Applications\Cloud\GenericMQTT\EWARM\B-L475E-IOT01\Obj\Drivers\STM32L4xx_HAL_Driver\stm32l4xx_hal_uart.o
#        D:\TCC\B-L475E-IOT01A\STM32CubeExpansion_Cloud_CLD_GEN_V1.0.0\Projects\B-L475E-IOT01\Applications\Cloud\GenericMQTT\EWARM\B-L475E-IOT01\Obj\Drivers\STM32L4xx_HAL_Driver\stm32l4xx_hal_uart_ex.o
#        D:\TCC\B-L475E-IOT01A\STM32CubeExpansion_Cloud_CLD_GEN_V1.0.0\Projects\B-L475E-IOT01\Applications\Cloud\GenericMQTT\EWARM\B-L475E-IOT01\Obj\Drivers\STM32L4xx_HAL_Driver\stm32l4xx_hal_usart.o
#        D:\TCC\B-L475E-IOT01A\STM32CubeExpansion_Cloud_CLD_GEN_V1.0.0\Projects\B-L475E-IOT01\Applications\Cloud\GenericMQTT\EWARM\B-L475E-IOT01\Obj\Drivers\STM32L4xx_HAL_Driver\stm32l4xx_hal_wwdg.o
#        D:\TCC\B-L475E-IOT01A\STM32CubeExpansion_Cloud_CLD_GEN_V1.0.0\Projects\B-L475E-IOT01\Applications\Cloud\GenericMQTT\EWARM\B-L475E-IOT01\Obj\Application\User\stm32l4xx_it.o
#        D:\TCC\B-L475E-IOT01A\STM32CubeExpansion_Cloud_CLD_GEN_V1.0.0\Projects\B-L475E-IOT01\Applications\Cloud\GenericMQTT\EWARM\B-L475E-IOT01\Obj\Drivers\STM32L4xx_HAL_Driver\stm32l4xx_ll_fmc.o
#        D:\TCC\B-L475E-IOT01A\STM32CubeExpansion_Cloud_CLD_GEN_V1.0.0\Projects\B-L475E-IOT01\Applications\Cloud\GenericMQTT\EWARM\B-L475E-IOT01\Obj\Drivers\CMSIS\system_stm32l4xx.o
#        D:\TCC\B-L475E-IOT01A\STM32CubeExpansion_Cloud_CLD_GEN_V1.0.0\Projects\B-L475E-IOT01\Applications\Cloud\GenericMQTT\EWARM\B-L475E-IOT01\Obj\Middlewares\Third_Party\MbedTLS\threading.o
#        D:\TCC\B-L475E-IOT01A\STM32CubeExpansion_Cloud_CLD_GEN_V1.0.0\Projects\B-L475E-IOT01\Applications\Cloud\GenericMQTT\EWARM\B-L475E-IOT01\Obj\Application\Common\timedate.o
#        D:\TCC\B-L475E-IOT01A\STM32CubeExpansion_Cloud_CLD_GEN_V1.0.0\Projects\B-L475E-IOT01\Applications\Cloud\GenericMQTT\EWARM\B-L475E-IOT01\Obj\Middlewares\Third_Party\MbedTLS\timing.o
#        D:\TCC\B-L475E-IOT01A\STM32CubeExpansion_Cloud_CLD_GEN_V1.0.0\Projects\B-L475E-IOT01\Applications\Cloud\GenericMQTT\EWARM\B-L475E-IOT01\Obj\Application\Common\timingSystem.o
#        D:\TCC\B-L475E-IOT01A\STM32CubeExpansion_Cloud_CLD_GEN_V1.0.0\Projects\B-L475E-IOT01\Applications\Cloud\GenericMQTT\EWARM\B-L475E-IOT01\Obj\Middlewares\Third_Party\MbedTLS\version.o
#        D:\TCC\B-L475E-IOT01A\STM32CubeExpansion_Cloud_CLD_GEN_V1.0.0\Projects\B-L475E-IOT01\Applications\Cloud\GenericMQTT\EWARM\B-L475E-IOT01\Obj\Middlewares\Third_Party\MbedTLS\version_features.o
#        D:\TCC\B-L475E-IOT01A\STM32CubeExpansion_Cloud_CLD_GEN_V1.0.0\Projects\B-L475E-IOT01\Applications\Cloud\GenericMQTT\EWARM\B-L475E-IOT01\Obj\Drivers\BSP\Components\vl53l0x\vl53l0x_api.o
#        D:\TCC\B-L475E-IOT01A\STM32CubeExpansion_Cloud_CLD_GEN_V1.0.0\Projects\B-L475E-IOT01\Applications\Cloud\GenericMQTT\EWARM\B-L475E-IOT01\Obj\Drivers\BSP\Components\vl53l0x\vl53l0x_api_calibration.o
#        D:\TCC\B-L475E-IOT01A\STM32CubeExpansion_Cloud_CLD_GEN_V1.0.0\Projects\B-L475E-IOT01\Applications\Cloud\GenericMQTT\EWARM\B-L475E-IOT01\Obj\Drivers\BSP\Components\vl53l0x\vl53l0x_api_core.o
#        D:\TCC\B-L475E-IOT01A\STM32CubeExpansion_Cloud_CLD_GEN_V1.0.0\Projects\B-L475E-IOT01\Applications\Cloud\GenericMQTT\EWARM\B-L475E-IOT01\Obj\Drivers\BSP\Components\vl53l0x\vl53l0x_api_ranging.o
#        D:\TCC\B-L475E-IOT01A\STM32CubeExpansion_Cloud_CLD_GEN_V1.0.0\Projects\B-L475E-IOT01\Applications\Cloud\GenericMQTT\EWARM\B-L475E-IOT01\Obj\Drivers\BSP\Components\vl53l0x\vl53l0x_api_strings.o
#        D:\TCC\B-L475E-IOT01A\STM32CubeExpansion_Cloud_CLD_GEN_V1.0.0\Projects\B-L475E-IOT01\Applications\Cloud\GenericMQTT\EWARM\B-L475E-IOT01\Obj\Application\User\vl53l0x_platform.o
#        D:\TCC\B-L475E-IOT01A\STM32CubeExpansion_Cloud_CLD_GEN_V1.0.0\Projects\B-L475E-IOT01\Applications\Cloud\GenericMQTT\EWARM\B-L475E-IOT01\Obj\Drivers\BSP\Components\vl53l0x\vl53l0x_platform_log.o
#        D:\TCC\B-L475E-IOT01A\STM32CubeExpansion_Cloud_CLD_GEN_V1.0.0\Projects\B-L475E-IOT01\Applications\Cloud\GenericMQTT\EWARM\B-L475E-IOT01\Obj\Application\User\vl53l0x_proximity.o
#        D:\TCC\B-L475E-IOT01A\STM32CubeExpansion_Cloud_CLD_GEN_V1.0.0\Projects\B-L475E-IOT01\Applications\Cloud\GenericMQTT\EWARM\B-L475E-IOT01\Obj\Application\Wifi\wifi.o
#        D:\TCC\B-L475E-IOT01A\STM32CubeExpansion_Cloud_CLD_GEN_V1.0.0\Projects\B-L475E-IOT01\Applications\Cloud\GenericMQTT\EWARM\B-L475E-IOT01\Obj\Application\Common\wifi_net.o
#        D:\TCC\B-L475E-IOT01A\STM32CubeExpansion_Cloud_CLD_GEN_V1.0.0\Projects\B-L475E-IOT01\Applications\Cloud\GenericMQTT\EWARM\B-L475E-IOT01\Obj\Middlewares\Third_Party\MbedTLS\x509.o
#        D:\TCC\B-L475E-IOT01A\STM32CubeExpansion_Cloud_CLD_GEN_V1.0.0\Projects\B-L475E-IOT01\Applications\Cloud\GenericMQTT\EWARM\B-L475E-IOT01\Obj\Middlewares\Third_Party\MbedTLS\x509_create.o
#        D:\TCC\B-L475E-IOT01A\STM32CubeExpansion_Cloud_CLD_GEN_V1.0.0\Projects\B-L475E-IOT01\Applications\Cloud\GenericMQTT\EWARM\B-L475E-IOT01\Obj\Middlewares\Third_Party\MbedTLS\x509_crl.o
#        D:\TCC\B-L475E-IOT01A\STM32CubeExpansion_Cloud_CLD_GEN_V1.0.0\Projects\B-L475E-IOT01\Applications\Cloud\GenericMQTT\EWARM\B-L475E-IOT01\Obj\Middlewares\Third_Party\MbedTLS\x509_crt.o
#        D:\TCC\B-L475E-IOT01A\STM32CubeExpansion_Cloud_CLD_GEN_V1.0.0\Projects\B-L475E-IOT01\Applications\Cloud\GenericMQTT\EWARM\B-L475E-IOT01\Obj\Middlewares\Third_Party\MbedTLS\x509_csr.o
#        D:\TCC\B-L475E-IOT01A\STM32CubeExpansion_Cloud_CLD_GEN_V1.0.0\Projects\B-L475E-IOT01\Applications\Cloud\GenericMQTT\EWARM\B-L475E-IOT01\Obj\Middlewares\Third_Party\MbedTLS\x509write_crt.o
#        D:\TCC\B-L475E-IOT01A\STM32CubeExpansion_Cloud_CLD_GEN_V1.0.0\Projects\B-L475E-IOT01\Applications\Cloud\GenericMQTT\EWARM\B-L475E-IOT01\Obj\Middlewares\Third_Party\MbedTLS\x509write_csr.o
#        D:\TCC\B-L475E-IOT01A\STM32CubeExpansion_Cloud_CLD_GEN_V1.0.0\Projects\B-L475E-IOT01\Applications\Cloud\GenericMQTT\EWARM\B-L475E-IOT01\Obj\Middlewares\Third_Party\MbedTLS\xtea.o
#        --redirect _Printf=_PrintfFull --redirect _Scanf=_ScanfFull
#        --no_out_extension -o
#        D:\TCC\B-L475E-IOT01A\STM32CubeExpansion_Cloud_CLD_GEN_V1.0.0\Projects\B-L475E-IOT01\Applications\Cloud\GenericMQTT\EWARM\B-L475E-IOT01\Exe\B-L475E-IOT01.out
#        --map
#        D:\TCC\B-L475E-IOT01A\STM32CubeExpansion_Cloud_CLD_GEN_V1.0.0\Projects\B-L475E-IOT01\Applications\Cloud\GenericMQTT\EWARM\B-L475E-IOT01\List\B-L475E-IOT01.map
#        --config
#        D:\TCC\B-L475E-IOT01A\STM32CubeExpansion_Cloud_CLD_GEN_V1.0.0\Projects\B-L475E-IOT01\Applications\Cloud\GenericMQTT\EWARM/stm32l475xx_flash.icf
#        --semihosting --entry __iar_program_start --vfe --text_out locale)
#
###############################################################################

*******************************************************************************
*** MESSAGES
***

Error[Li016]: size limit exceeded. The application needs 0x2'5dcc (155'084)
          bytes, which is greater than the limit of 0x8000 (32'768) bytes.
            The limit is due to license "ARM.EW.LINKER" from "aes.o" (and 164
                      other modules).


*******************************************************************************
*** RUNTIME MODEL ATTRIBUTES
***

CppFlavor       = *
__Heap_Handler  = Basic
__SystemLibrary = DLib
__dlib_version  = 6


*******************************************************************************
*** HEAP SELECTION
***

The basic heap was selected because some modules are built with
size limitations (and not runtime checking), and --advanced_heap
was not specified.


*******************************************************************************
*** PLACEMENT SUMMARY
***

"A0":  place at address 0x800'0000 { ro section .intvec };
"P1":  place in [from 0x800'0000 to 0x806'3fff] |
                [from 0x806'7000 to 0x807'ffff] { ro };
define block CSTACK with size = 8K, alignment = 8 { };
define block HEAP with size = 64K, alignment = 8 { };
"P2":  place in [from 0x2000'0000 to 0x2001'7fff] {
          block CSTACK, rw, block HEAP };
initialize by copy { rw };

No sections matched the following patterns:

  ro section UNINIT_FIXED_LOC  in "P3"


  Section            Kind         Address      Size  Object
  -------            ----         -------      ----  ------
"A0":                                         0x188
  .intvec            ro code   0x800'0000     0x188  startup_stm32l475xx.o [2]
                             - 0x800'0188     0x188

"P1":                                      0x2'da72
  .text              ro code   0x800'0188    0x3a40  ssl_tls.o [17]
  .text              ro code   0x800'3bc8     0x2b0  md.o [17]
  .text              ro code   0x800'3e78      0x14  strlen_small.o [21]
  .text              ro code   0x800'3e8c      0x18  ABImemcpy_small.o [21]
  .text              ro code   0x800'3ea4     0x690  cipher.o [17]
  .text              ro code   0x800'4534     0x5a8  debug.o [17]
  .text              ro code   0x800'4adc      0xa4  ssl_ciphersuites.o [17]
  .text              ro code   0x800'4b80     0xa90  sha256.o [17]
  .text              ro code   0x800'5610     0xfe4  sha512.o [17]
  .text              ro code   0x800'65f4      0x1e  ABImemmove_small.o [21]
  .text              ro code   0x800'6612      0x26  xencoding_8859_1.o [19]
  .text              ro code   0x800'6638    0x19ac  x509_crt.o [17]
  .text              ro code   0x800'7fe4      0x1e  memcmp_small.o [21]
  .text              ro code   0x800'8002      0x1e  xsscin.o [19]
  .text              ro code   0x800'8020     0x2a4  pk.o [17]
  .text              ro code   0x800'82c4       0x6  ABImemclr.o [21]
  .text              ro code   0x800'82ca      0x1a  xsnprout.o [19]
  .text              ro code   0x800'82e4       0x6  ABImemclr4.o [21]
  .text              ro code   0x800'82ea       0xa  xsprout.o [19]
  .text              ro code   0x800'82f4     0x188  ecdh.o [17]
  .text              ro code   0x800'847c    0x1fc0  ssl_cli.o [17]
  .text              ro code   0x800'a43c      0x12  ABImemset_small.o [21]
  .rodata            const     0x800'a44e       0x2  oid.o [17]
  .text              ro code   0x800'a450    0x1700  ecp.o [17]
  .text              ro code   0x800'bb50     0x67c  gcm.o [17]
  .text              ro code   0x800'c1cc      0x3c  vsnprint.o [19]
  .text              ro code   0x800'c208      0x44  snprintf.o [19]
  .text              ro code   0x800'c24c     0x2fc  asn1parse.o [17]
  .text              ro code   0x800'c548     0x8f0  x509.o [17]
  .text              ro code   0x800'ce38     0x760  pkparse.o [17]
  .text              ro code   0x800'd598     0x1cc  oid.o [17]
  .text              ro code   0x800'd764      0x2c  strstr.o [19]
  .text              ro code   0x800'd790     0x3f0  pem.o [17]
  .text              ro code   0x800'db80    0x1274  rsa.o [17]
  .text              ro code   0x800'edf4      0x3a  ABImemset48.o [21]
  .rodata            const     0x800'ee2e       0x2  oid.o [17]
  .text              ro code   0x800'ee30    0x1676  bignum.o [17]
  .text              ro code   0x801'04a6       0x4  time_trampoline.o [19]
  .rodata            const     0x801'04aa       0x2  oid.o [17]
  .text              ro code   0x801'04ac     0xaa4  ecp_curves.o [17]
  .text              ro code   0x801'0f50    0x101e  xprintffull.o [19]
  .text              ro code   0x801'1f6e      0x12  gmtime64.o [19]
  .text              ro code   0x801'1f80      0x16  strchr.o [21]
  .rodata            const     0x801'1f96       0x2  xlocale_c.o [19]
  .text              ro code   0x801'1f98     0xa74  aes.o [17]
  .text              ro code   0x801'2a0c     0xa04  md5.o [17]
  .text              ro code   0x801'3410     0x108  base64.o [17]
  .text              ro code   0x801'3518     0x14a  I64DivMod_small.o [21]
  .text              ro code   0x801'3662       0x4  timingSystem.o [1]
  .rodata            const     0x801'3666       0x2  xlocale_c.o [19]
  .text              ro code   0x801'3668     0x108  xlocale_c.o [19]
  .text              ro code   0x801'3770      0x40  xfail_s.o [19]
  .text              ro code   0x801'37b0      0x58  memchr.o [21]
  .text              ro code   0x801'3808      0x70  frexp.o [20]
  .text              ro code   0x801'3878      0x34  DblCmpLe.o [20]
  .text              ro code   0x801'38ac      0x34  DblCmpGe.o [20]
  .text              ro code   0x801'38e0     0x13a  ldexp.o [20]
  .rodata            const     0x801'3a1a       0x1  ssl_ciphersuites.o [17]
  .rodata            const     0x801'3a1b       0x1  xlocale_c.o [19]
  .text              ro code   0x801'3a1c      0x36  DblToS32.o [20]
  .text              ro code   0x801'3a54      0x22  S32ToDbl.o [20]
  .text              ro code   0x801'3a78     0x25e  DblAddSub.o [20]
  .text              ro code   0x801'3cd8     0x246  DblDiv.o [20]
  .text              ro code   0x801'3f20      0x22  DblToU32.o [20]
  .text              ro code   0x801'3f44      0x1c  U32ToDbl.o [20]
  .text              ro code   0x801'3f60     0x1aa  DblMul.o [20]
  .text              ro code   0x801'410a       0xa  xmbcurmax.o [19]
  .text              ro code   0x801'4114     0x164  xttotm64.o [19]
  .text              ro code   0x801'4278       0x2  I64DivZer.o [21]
  .text              ro code   0x801'427c      0x88  STM32CubeRTCInterface.o [1]
  .text              ro code   0x801'4304       0x6  abort.o [19]
  .text              ro code   0x801'430c      0xcc  xDaysTo64.o [19]
  .text              ro code   0x801'43d8       0x6  xisdst_nop64.o [19]
  .text              ro code   0x801'43e0     0x382  stm32l4xx_hal_rtc.o [14]
  .text              ro code   0x801'4764      0xe0  mktime64.o [19]
  .text              ro code   0x801'4844      0x14  exit.o [22]
  .text              ro code   0x801'4858      0x9c  stm32l4xx_hal_msp.o [4]
  .text              ro code   0x801'48f4       0xc  stm32l4xx_hal.o [14]
  .text              ro code   0x801'4900       0x4  xTzoff_nop.o [19]
  .text              ro code   0x801'4904     0x552  stm32l4xx_hal_rcc_ex.o [14]
  .text              ro code   0x801'4e58     0x230  main.o [4]
  .text              ro code   0x801'5088      0x7c  stm32l4xx_hal_pwr_ex.o [14]
  .text              ro code   0x801'5104      0x16  stm32l4xx_hal.o [14]
  .text              ro code   0x801'511c     0x6a0  stm32l4xx_hal_rcc.o [14]
  .text              ro code   0x801'57bc     0x346  stm32l475e_iot01.o [7]
  .text              ro code   0x801'5b02      0x8c  stm32l4xx_hal_rng.o [14]
  .text              ro code   0x801'5b90     0xecc  GenericMQTTXcubeSample.o [3]
  .text              ro code   0x801'6a5c      0x1e  stm32l4xx_hal.o [14]
  .text              ro code   0x801'6a7c     0x638  stm32l4xx_hal_uart.o [14]
  .text              ro code   0x801'70b4     0x48c  es_wifi_io.o [5]
  .text              ro code   0x801'7540     0xf48  stm32l4xx_hal_spi.o [14]
  .text              ro code   0x801'8488      0xe8  stm32l4xx_hal_cortex.o [14]
  .text              ro code   0x801'8570      0x28  stm32l4xx_hal.o [14]
  .text              ro code   0x801'8598       0x2  stm32l4xx_hal.o [14]
  .text              ro code   0x801'859c     0x21c  stm32l4xx_hal_gpio.o [14]
  .text              ro code   0x801'87b8     0x790  stm32l4xx_hal_i2c.o [14]
  .text              ro code   0x801'8f48      0x5a  stm32l4xx_hal_i2c_ex.o [14]
  .text              ro code   0x801'8fa4      0x28  printf.o [19]
  .text              ro code   0x801'8fcc     0x65c  iot_flash_config.o [1]
  .text              ro code   0x801'9628     0x14c  iar_Stoulx.o [19]
  .text              ro code   0x801'9774     0x490  net.o [1]
  .text              ro code   0x801'9c04     0x6e0  cJSON.o [18]
  .text              ro code   0x801'a2e4     0x374  cloud.o [1]
  .text              ro code   0x801'a658      0x1e  strncpy_small.o [21]
  .text              ro code   0x801'a678     0x6b4  MQTTClient.o [15]
  .text              ro code   0x801'ad2c      0x2c  stm32l475e_iot01_tsensor.o [7]
  .text              ro code   0x801'ad58      0x34  stm32l475e_iot01_hsensor.o [7]
  .text              ro code   0x801'ad8c      0x34  stm32l475e_iot01_psensor.o [7]
  .text              ro code   0x801'adc0     0x1e8  vl53l0x_proximity.o [4]
  .text              ro code   0x801'afa8      0x3c  stm32l475e_iot01_accelero.o [7]
  .text              ro code   0x801'afe4      0x38  stm32l475e_iot01_gyro.o [7]
  .text              ro code   0x801'b01c      0x54  stm32l475e_iot01_magneto.o [7]
  .text              ro code   0x801'b070      0x48  FltToDbl.o [20]
  .text              ro code   0x801'b0b8     0x31c  heap0.o [19]
  .text              ro code   0x801'b3d4       0x8  heaptramp0.o [19]
  .text              ro code   0x801'b3dc       0x2  stm32l4xx_hal_uart.o [14]
  .text              ro code   0x801'b3de       0x2  stm32l4xx_hal_spi.o [14]
  .text              ro code   0x801'b3e0       0x2  stm32l4xx_hal_spi.o [14]
  .text              ro code   0x801'b3e4      0x46  stm32l4xx_hal_dma.o [14]
  .text              ro code   0x801'b42a       0x2  stm32l4xx_hal_spi.o [14]
  .text              ro code   0x801'b42c       0x2  stm32l4xx_hal_spi.o [14]
  .text              ro code   0x801'b42e       0x2  stm32l4xx_hal_cortex.o [14]
  .text              ro code   0x801'b430       0x2  stm32l4xx_hal_i2c.o [14]
  .text              ro code   0x801'b432       0x2  stm32l4xx_hal_i2c.o [14]
  .text              ro code   0x801'b434       0xc  getchar.o [19]
  .text              ro code   0x801'b440     0x228  flash_l4.o [1]
  .text              ro code   0x801'b668      0x28  strncmp.o [19]
  .text              ro code   0x801'b690      0x14  isspace.o [19]
  .text              ro code   0x801'b6a4      0x14  tolower.o [19]
  .text              ro code   0x801'b6b8     0x1b8  wifi.o [5]
  .text              ro code   0x801'b870     0x618  net_tcp_wifi.o [1]
  .text              ro code   0x801'be88     0x8a4  net_tls_mbedtls.o [1]
  .text              ro code   0x801'c72c      0x12  strcmp.o [21]
  .text              ro code   0x801'c740       0xe  math_wrappers64.o [20]
  .text              ro code   0x801'c750      0x10  rand.o [19]
  .text              ro code   0x801'c760     0x504  timedate.o [1]
  .text              ro code   0x801'cc64     0x188  sensors_data.o [1]
  .text              ro code   0x801'cdec      0x5c  paho_timer.o [1]
  .text              ro code   0x801'ce48     0x1d0  MQTTPacket.o [16]
  .text              ro code   0x801'd018      0xf0  MQTTDeserializePublish.o [16]
  .text              ro code   0x801'd108     0x108  MQTTSerializePublish.o [16]
  .text              ro code   0x801'd210     0x284  MQTTConnectClient.o [16]
  .text              ro code   0x801'd494     0x144  MQTTSubscribeClient.o [16]
  .text              ro code   0x801'd5d8     0xb9a  vl53l0x_api.o [12]
  .text              ro code   0x801'e174     0x1a4  vl53l0x_platform.o [4]
  .text              ro code   0x801'e318      0x2c  xgetmemchunk.o [19]
  .text              ro code   0x801'e344      0x12  xxmemxmemzero.o [19]
  .text              ro code   0x801'e358     0x22c  stm32l4xx_hal_flash.o [14]
  .text              ro code   0x801'e584     0x1a4  stm32l4xx_hal_flash_ex.o [14]
  .text              ro code   0x801'e728     0xcb0  es_wifi.o [6]
  .text              ro code   0x801'f3d8      0x10  platform.o [17]
  .text              ro code   0x801'f3e8     0x33c  ctr_drbg.o [17]
  .text              ro code   0x801'f724     0x1e4  entropy.o [17]
  .text              ro code   0x801'f908     0x538  x509_crl.o [17]
  .text              ro code   0x801'fe40      0x3c  fprintf.o [19]
  .text              ro code   0x801'fe7c     0x35a  strto64.o [20]
  .text              ro code   0x802'01d8      0x28  sscanf.o [19]
  .text              ro code   0x802'0200     0x110  vl53l0x_api_strings.o [12]
  .text              ro code   0x802'0310     0x66a  vl53l0x_api_calibration.o [12]
  .text              ro code   0x802'097c    0x11fa  vl53l0x_api_core.o [12]
  .text              ro code   0x802'1b78      0x4c  strtok.o [19]
  .text              ro code   0x802'1bc4      0x40  sprintf.o [19]
  .text              ro code   0x802'1c04     0x122  iar_Stopfx.o [19]
  .text              ro code   0x802'1d28     0x1b8  iar_Stoflt.o [19]
  .text              ro code   0x802'1ee0     0x208  iar_Stoxflt.o [19]
  .text              ro code   0x802'20e8     0xed4  xscanffull.o [19]
  .text              ro code   0x802'2fbc      0x18  strcpy.o [21]
  .text              ro code   0x802'2fd4      0x22  strspn.o [19]
  .text              ro code   0x802'2ff6      0x22  strcspn.o [19]
  .text              ro code   0x802'3018      0x14  isalpha.o [19]
  .text              ro code   0x802'302c      0x34  wctob.o [19]
  .text              ro code   0x802'3060      0x68  DblToFlt.o [20]
  .text              ro code   0x802'30c8     0x1b2  iar_Stoullx.o [19]
  .text              ro code   0x802'327c      0xa6  iar_Stollx.o [19]
  .text              ro code   0x802'3322      0x14  memset.o [21]
  .text              ro code   0x802'3338    0x107c  sha1.o [17]
  .rodata            const     0x802'43b4    0x1000  aes.o [17]
  .rodata            const     0x802'53b4     0x9b4  ssl_cli.o [17]
  .rodata            const     0x802'5d68     0x644  ssl_tls.o [17]
  .text              ro code   0x802'63ac     0x560  ecdsa.o [17]
  .text              ro code   0x802'690c     0x21e  hmac_drbg.o [17]
  .text              ro code   0x802'6b2c     0x138  asn1write.o [17]
  .rodata            const     0x802'6c64     0x47c  GenericMQTTXcubeSample.o [3]
  .rodata            const     0x802'70e0     0x400  aes.o [17]
  .rodata            const     0x802'74e0     0x400  aes.o [17]
  .rodata            const     0x802'78e0     0x400  aes.o [17]
  .rodata            const     0x802'7ce0     0x400  aes.o [17]
  .rodata            const     0x802'80e0     0x33c  net_tls_mbedtls.o [1]
  .text              ro code   0x802'841c     0x2b4  wifi_net.o [1]
  .rodata            const     0x802'86d0     0x2a0  cloud.o [1]
  .text              ro code   0x802'8970     0x290  pk_wrap.o [17]
  .rodata            const     0x802'8c00     0x28c  ssl_ciphersuites.o [17]
  .rodata            const     0x802'8e8c      0x64  net_tls_mbedtls.o [1]
  .rodata            const     0x802'8ef0     0x280  sha512.o [17]
  .rodata            const     0x802'9170     0x260  ssl_ciphersuites.o [17]
  .rodata            const     0x802'93d0     0x248  ssl_cli.o [17]
  .rodata            const     0x802'9618     0x210  ecp_curves.o [17]
  .text              ro code   0x802'9828     0x1f0  lsm6dsl.o [11]
  .rodata            const     0x802'9a18     0x1cc  iot_flash_config.o [1]
  .text              ro code   0x802'9be4     0x1c8  hts221.o [8]
  .rodata            const     0x802'9dac     0x190  oid.o [17]
  .text              ro code   0x802'9f3c     0x174  mbedtls_net.o [1]
  .rodata            const     0x802'a0b0     0x148  GenericMQTTXcubeSample.o [3]
  .rodata            const     0x802'a1f8     0x144  wifi_net.o [1]
  .rodata            const     0x802'a33c     0x138  timedate.o [1]
  .text              ro code   0x802'a474     0x134  lis3mdl.o [9]
  .rodata            const     0x802'a5a8     0x118  oid.o [17]
  .text              ro code   0x802'a6c0     0x118  md_wrap.o [17]
  .rodata            const     0x802'a7d8     0x100  aes.o [17]
  .rodata            const     0x802'a8d8     0x100  aes.o [17]
  .rodata            const     0x802'a9d8     0x100  sha256.o [17]
  .rodata            const     0x802'aad8      0xf8  vl53l0x_proximity.o [4]
  .rodata            const     0x802'abd0      0xdc  net_tcp_wifi.o [1]
  .rodata            const     0x802'acac      0xd4  x509_crt.o [17]
  .rodata            const     0x802'ad80      0xc4  iot_flash_config.o [1]
  .rodata            const     0x802'ae44      0xa8  GenericMQTTXcubeSample.o [3]
  .text              ro code   0x802'aeec      0xa8  lps22hb.o [10]
  .text              ro code   0x802'af94      0xa2  packbits_init.o [21]
  .rodata            const     0x802'b038      0x90  flash_l4.o [1]
  .rodata            const     0x802'b0c8      0x8c  es_wifi.o [6]
  .rodata            const     0x802'b154      0x8c  oid.o [17]
  .rodata            const     0x802'b1e0      0x88  GenericMQTTXcubeSample.o [3]
  .text              ro code   0x802'b268      0x86  cipher_wrap.o [17]
  .rodata            const     0x802'b2f0      0x84  mbedtls_net.o [1]
  .rodata            const     0x802'b374      0x80  base64.o [17]
  .rodata            const     0x802'b3f4      0x5c  net_tcp_wifi.o [1]
  .rodata            const     0x802'b450      0x80  gcm.o [17]
  .rodata            const     0x802'b4d0      0x80  sha512.o [17]
  .rodata            const     0x802'b550      0x78  GenericMQTTXcubeSample.o [3]
  .rodata            const     0x802'b5c8      0x78  oid.o [17]
  .rodata            const     0x802'b640      0x78  oid.o [17]
  .rodata            const     0x802'b6b8      0x70  oid.o [17]
  .rodata            const     0x802'b728      0x70  x509_crt.o [17]
  .rodata            const     0x802'b798      0x60  vl53l0x_proximity.o [4]
  .text              ro code   0x802'b7f8      0x60  system_stm32l4xx.o [13]
  .rodata            const     0x802'b858      0x58  cloud.o [1]
  .rodata            const     0x802'b8b0      0x58  MQTTClient.o [15]
  .rodata            const     0x802'b908      0x54  x509_crt.o [17]
  .rodata            const     0x802'b95c      0x50  cipher_wrap.o [17]
  .rodata            const     0x802'b9ac      0x50  net_tls_mbedtls.o [1]
  .rodata            const     0x802'b9fc      0x50  oid.o [17]
  .rodata            const     0x802'ba4c      0x50  iar_Stoulx.o [19]
  .rodata            const     0x802'ba9c      0x50  iar_Stoullx.o [19]
  .rodata            const     0x802'baec      0x4c  x509_crt.o [17]
  .rodata            const     0x802'bb38      0x4c  x509_crt.o [17]
  .rodata            const     0x802'bb84      0x4c  xscanffull.o [19]
  .rodata            const     0x802'bbd0      0x48  ecp.o [17]
  .rodata            const     0x802'bc18      0x48  x509_crt.o [17]
  .rodata            const     0x802'bc60      0x48  strto64.o [20]
  .rodata            const     0x802'bca8      0x44  mbedtls_net.o [1]
  .rodata            const     0x802'bcec      0x44  mbedtls_net.o [1]
  .rodata            const     0x802'bd30      0x44  x509_crt.o [17]
  .rodata            const     0x802'bd74      0x40  md5.o [17]
  .rodata            const     0x802'bdb4      0x40  sha1.o [17]
  .rodata            const     0x802'bdf4      0x40  sha256.o [17]
  .rodata            const     0x802'be34      0x3c  iot_flash_config.o [1]
  .rodata            const     0x802'be70      0x3c  net.o [1]
  .rodata            const     0x802'beac      0x3c  net.o [1]
  .rodata            const     0x802'bee8      0x3c  x509_crt.o [17]
  .rodata            const     0x802'bf24      0x38  net.o [1]
  .rodata            const     0x802'bf5c      0x38  x509_crt.o [17]
  .text              ro code   0x802'bf94      0x38  zero_init3.o [21]
  .rodata            const     0x802'bfcc      0x34  cloud.o [1]
  .rodata            const     0x802'c000      0x34  net.o [1]
  .rodata            const     0x802'c034      0x34  net.o [1]
  .rodata            const     0x802'c068      0x34  net.o [1]
  .rodata            const     0x802'c09c      0x34  x509_crt.o [17]
  .rodata            const     0x802'c0d0      0x34  x509_crt.o [17]
  .rodata            const     0x802'c104      0x30  iot_flash_config.o [1]
  .rodata            const     0x802'c134      0x30  iot_flash_config.o [1]
  .rodata            const     0x802'c164      0x30  md_wrap.o [17]
  .rodata            const     0x802'c194      0x30  md_wrap.o [17]
  .rodata            const     0x802'c1c4      0x30  md_wrap.o [17]
  .rodata            const     0x802'c1f4      0x30  md_wrap.o [17]
  .rodata            const     0x802'c224      0x30  md_wrap.o [17]
  .rodata            const     0x802'c254      0x30  md_wrap.o [17]
  .rodata            const     0x802'c284      0x30  net_tls_mbedtls.o [1]
  .rodata            const     0x802'c2b4      0x30  net_tls_mbedtls.o [1]
  .rodata            const     0x802'c2e4      0x30  pk_wrap.o [17]
  .rodata            const     0x802'c314      0x30  pk_wrap.o [17]
  .rodata            const     0x802'c344      0x30  pk_wrap.o [17]
  .rodata            const     0x802'c374      0x30  pk_wrap.o [17]
  .rodata            const     0x802'c3a4      0x30  system_stm32l4xx.o [13]
  .rodata            const     0x802'c3d4      0x30  x509_crt.o [17]
  .rodata            const     0x802'c404      0x30  x509_crt.o [17]
  .rodata            const     0x802'c434      0x30  x509_crt.o [17]
  .rodata            const     0x802'c464      0x30  x509_crt.o [17]
  .rodata            const     0x802'c494      0x30  x509_crt.o [17]
  .text              ro code   0x802'c4c4      0x30  entropy_hardware_poll.o [1]
  .rodata            const     0x802'c4f4      0x2c  x509_crt.o [17]
  .text              ro code   0x802'c520      0x2c  stm32l4xx_it.o [4]
  .text              ro code   0x802'c54c      0x10  stm32l4xx_hal.o [14]
  .rodata            const     0x802'c55c      0x28  aes.o [17]
  .rodata            const     0x802'c584      0x28  ssl_ciphersuites.o [17]
  .rodata            const     0x802'c5ac      0x28  ssl_ciphersuites.o [17]
  .rodata            const     0x802'c5d4      0x28  ssl_ciphersuites.o [17]
  .rodata            const     0x802'c5fc      0x28  ssl_ciphersuites.o [17]
  .rodata            const     0x802'c624      0x28  ssl_ciphersuites.o [17]
  .rodata            const     0x802'c64c      0x28  ssl_ciphersuites.o [17]
  .rodata            const     0x802'c674      0x28  ssl_ciphersuites.o [17]
  .rodata            const     0x802'c69c      0x28  ssl_ciphersuites.o [17]
  .rodata            const     0x802'c6c4      0x28  ssl_ciphersuites.o [17]
  .rodata            const     0x802'c6ec      0x28  ssl_ciphersuites.o [17]
  .rodata            const     0x802'c714      0x28  x509_crt.o [17]
  .rodata            const     0x802'c73c      0x28  x509_crt.o [17]
  .rodata            const     0x802'c764      0x28  xscanffull.o [19]
  .text              ro code   0x802'c78c      0x28  data_init.o [21]
  .rodata            const     0x802'c7b4      0x24  net_tcp_wifi.o [1]
  .rodata            const     0x802'c7d8      0x24  ssl_ciphersuites.o [17]
  .rodata            const     0x802'c7fc      0x24  ssl_ciphersuites.o [17]
  .text              ro code   0x802'c820      0x22  fpinit_M.o [20]
  .iar.init_table    const     0x802'c844      0x2c  - Linker created -
  .rodata            const     0x802'c870      0x20  oid.o [17]
  .rodata            const     0x802'c890      0x20  oid.o [17]
  .rodata            const     0x802'c8b0      0x20  oid.o [17]
  .rodata            const     0x802'c8d0      0x20  oid.o [17]
  .rodata            const     0x802'c8f0      0x20  ssl_ciphersuites.o [17]
  .rodata            const     0x802'c910      0x20  ssl_ciphersuites.o [17]
  .rodata            const     0x802'c930      0x20  ssl_ciphersuites.o [17]
  .rodata            const     0x802'c950      0x20  ssl_ciphersuites.o [17]
  .rodata            const     0x802'c970      0x20  ssl_ciphersuites.o [17]
  .rodata            const     0x802'c990      0x20  ssl_ciphersuites.o [17]
  .text              ro code   0x802'c9b0      0x1e  cmain.o [21]
  .text              ro code   0x802'c9ce       0x4  low_level_init.o [19]
  .text              ro code   0x802'c9d2       0x4  exit.o [19]
  .text              ro code   0x802'c9d8       0xa  cexit.o [21]
  .rodata            const     0x802'c9e4      0x1c  cipher_wrap.o [17]
  .rodata            const     0x802'ca00      0x1c  cipher_wrap.o [17]
  .rodata            const     0x802'ca1c      0x1c  cipher_wrap.o [17]
  .rodata            const     0x802'ca38      0x1c  cipher_wrap.o [17]
  .rodata            const     0x802'ca54      0x1c  cipher_wrap.o [17]
  .rodata            const     0x802'ca70      0x1c  cipher_wrap.o [17]
  .rodata            const     0x802'ca8c      0x1c  cipher_wrap.o [17]
  .rodata            const     0x802'caa8      0x1c  cipher_wrap.o [17]
  .rodata            const     0x802'cac4      0x1c  cipher_wrap.o [17]
  .rodata            const     0x802'cae0      0x1c  cipher_wrap.o [17]
  .rodata            const     0x802'cafc      0x1c  cipher_wrap.o [17]
  .rodata            const     0x802'cb18      0x1c  oid.o [17]
  .rodata            const     0x802'cb34      0x1c  oid.o [17]
  .rodata            const     0x802'cb50      0x1c  x509_crt.o [17]
  .text              ro code   0x802'cb6c      0x1c  cstartup_M.o [21]
  .rodata            const     0x802'cb88      0x18  oid.o [17]
  .rodata            const     0x802'cba0      0x18  oid.o [17]
  .rodata            const     0x802'cbb8      0x18  oid.o [17]
  .rodata            const     0x802'cbd0      0x18  oid.o [17]
  .rodata            const     0x802'cbe8      0x18  oid.o [17]
  .rodata            const     0x802'cc00      0x18  oid.o [17]
  .rodata            const     0x802'cc18      0x18  oid.o [17]
  .rodata            const     0x802'cc30      0x18  oid.o [17]
  .rodata            const     0x802'cc48      0x18  oid.o [17]
  .rodata            const     0x802'cc60      0x18  oid.o [17]
  .rodata            const     0x802'cc78      0x18  oid.o [17]
  .rodata            const     0x802'cc90      0x18  oid.o [17]
  .rodata            const     0x802'cca8      0x18  oid.o [17]
  .rodata            const     0x802'ccc0      0x18  x509_crt.o [17]
  .text              ro code   0x802'ccd8      0x18  xfprout.o [19]
  .text              ro code   0x802'ccf0      0x16  xprout.o [19]
  .text              ro code   0x802'cd08       0xc  putchar.o [19]
  .rodata            const     0x802'cd14      0x14  oid.o [17]
  .rodata            const     0x802'cd28      0x14  oid.o [17]
  .rodata            const     0x802'cd3c      0x14  oid.o [17]
  .rodata            const     0x802'cd50      0x14  oid.o [17]
  .rodata            const     0x802'cd64      0x14  oid.o [17]
  .rodata            const     0x802'cd78      0x14  oid.o [17]
  .rodata            const     0x802'cd8c      0x14  oid.o [17]
  .rodata            const     0x802'cda0      0x14  oid.o [17]
  .rodata            const     0x802'cdb4      0x14  oid.o [17]
  .rodata            const     0x802'cdc8      0x14  oid.o [17]
  .rodata            const     0x802'cddc      0x14  oid.o [17]
  .rodata            const     0x802'cdf0      0x14  oid.o [17]
  .rodata            const     0x802'ce04      0x14  oid.o [17]
  .rodata            const     0x802'ce18      0x14  oid.o [17]
  .rodata            const     0x802'ce2c      0x14  oid.o [17]
  .rodata            const     0x802'ce40      0x14  oid.o [17]
  .rodata            const     0x802'ce54      0x14  oid.o [17]
  .rodata            const     0x802'ce68      0x14  oid.o [17]
  .rodata            const     0x802'ce7c      0x14  oid.o [17]
  .rodata            const     0x802'ce90      0x14  oid.o [17]
  .rodata            const     0x802'cea4      0x14  oid.o [17]
  .rodata            const     0x802'ceb8      0x14  oid.o [17]
  .rodata            const     0x802'cecc      0x14  oid.o [17]
  .rodata            const     0x802'cee0      0x14  oid.o [17]
  .rodata            const     0x802'cef4      0x14  oid.o [17]
  .rodata            const     0x802'cf08      0x14  oid.o [17]
  .rodata            const     0x802'cf1c      0x14  oid.o [17]
  .rodata            const     0x802'cf30      0x14  oid.o [17]
  .rodata            const     0x802'cf44      0x14  oid.o [17]
  .rodata            const     0x802'cf58      0x14  oid.o [17]
  .rodata            const     0x802'cf6c      0x14  oid.o [17]
  .rodata            const     0x802'cf80      0x14  oid.o [17]
  .rodata            const     0x802'cf94      0x14  oid.o [17]
  .rodata            const     0x802'cfa8      0x14  x509_crt.o [17]
  .rodata            const     0x802'cfbc      0x10  ecp.o [17]
  .rodata            const     0x802'cfcc      0x10  ecp.o [17]
  .rodata            const     0x802'cfdc      0x10  oid.o [17]
  .rodata            const     0x802'cfec      0x10  oid.o [17]
  .rodata            const     0x802'cffc      0x10  oid.o [17]
  .rodata            const     0x802'd00c      0x10  oid.o [17]
  .rodata            const     0x802'd01c      0x10  oid.o [17]
  .rodata            const     0x802'd02c      0x10  oid.o [17]
  .rodata            const     0x802'd03c      0x10  oid.o [17]
  .rodata            const     0x802'd04c      0x10  oid.o [17]
  .rodata            const     0x802'd05c      0x10  oid.o [17]
  .rodata            const     0x802'd06c      0x10  oid.o [17]
  .rodata            const     0x802'd07c      0x10  oid.o [17]
  .rodata            const     0x802'd08c      0x10  oid.o [17]
  .rodata            const     0x802'd09c      0x10  oid.o [17]
  .rodata            const     0x802'd0ac      0x10  oid.o [17]
  .rodata            const     0x802'd0bc      0x10  oid.o [17]
  .rodata            const     0x802'd0cc      0x10  oid.o [17]
  .rodata            const     0x802'd0dc      0x10  oid.o [17]
  .rodata            const     0x802'd0ec      0x10  oid.o [17]
  .rodata            const     0x802'd0fc      0x10  oid.o [17]
  .rodata            const     0x802'd10c      0x10  oid.o [17]
  .rodata            const     0x802'd11c      0x10  oid.o [17]
  .rodata            const     0x802'd12c      0x10  oid.o [17]
  .rodata            const     0x802'd13c      0x10  oid.o [17]
  .rodata            const     0x802'd14c      0x10  oid.o [17]
  .rodata            const     0x802'd15c      0x10  oid.o [17]
  .rodata            const     0x802'd16c      0x10  oid.o [17]
  .rodata            const     0x802'd17c      0x10  oid.o [17]
  .rodata            const     0x802'd18c      0x10  oid.o [17]
  .rodata            const     0x802'd19c      0x10  x509_crt.o [17]
  .text              ro code   0x802'd1ac      0x10  startup_stm32l475xx.o [2]
  .rodata            const     0x802'd1bc       0xc  cipher_wrap.o [17]
  .rodata            const     0x802'd1c8       0xc  cipher_wrap.o [17]
  .rodata            const     0x802'd1d4       0xc  cipher_wrap.o [17]
  .rodata            const     0x802'd1e0       0xc  cipher_wrap.o [17]
  .rodata            const     0x802'd1ec       0xc  cipher_wrap.o [17]
  .rodata            const     0x802'd1f8       0xc  cipher_wrap.o [17]
  .rodata            const     0x802'd204       0xc  cipher_wrap.o [17]
  .rodata            const     0x802'd210       0xc  cipher_wrap.o [17]
  .rodata            const     0x802'd21c       0xc  cipher_wrap.o [17]
  .rodata            const     0x802'd228       0xc  ecp.o [17]
  .rodata            const     0x802'd234       0xc  ecp.o [17]
  .rodata            const     0x802'd240       0xc  ecp.o [17]
  .rodata            const     0x802'd24c       0xc  oid.o [17]
  .rodata            const     0x802'd258       0xc  oid.o [17]
  .rodata            const     0x802'd264       0xc  oid.o [17]
  .rodata            const     0x802'd270       0xc  oid.o [17]
  .rodata            const     0x802'd27c       0xc  oid.o [17]
  .rodata            const     0x802'd288       0xc  oid.o [17]
  .rodata            const     0x802'd294       0xc  oid.o [17]
  .rodata            const     0x802'd2a0       0xc  oid.o [17]
  .rodata            const     0x802'd2ac       0xc  oid.o [17]
  .rodata            const     0x802'd2b8       0xc  oid.o [17]
  .rodata            const     0x802'd2c4       0xc  oid.o [17]
  .rodata            const     0x802'd2d0       0xc  oid.o [17]
  .rodata            const     0x802'd2dc       0xc  oid.o [17]
  .rodata            const     0x802'd2e8       0xc  oid.o [17]
  .rodata            const     0x802'd2f4       0xc  oid.o [17]
  .rodata            const     0x802'd300       0xc  oid.o [17]
  .rodata            const     0x802'd30c       0xc  oid.o [17]
  .rodata            const     0x802'd318       0xc  oid.o [17]
  .rodata            const     0x802'd324       0xc  oid.o [17]
  .rodata            const     0x802'd330       0xc  oid.o [17]
  .rodata            const     0x802'd33c       0xc  oid.o [17]
  .rodata            const     0x802'd348       0xc  oid.o [17]
  .rodata            const     0x802'd354       0xc  oid.o [17]
  .rodata            const     0x802'd360       0xc  oid.o [17]
  .rodata            const     0x802'd36c       0xc  oid.o [17]
  .rodata            const     0x802'd378       0xc  oid.o [17]
  .rodata            const     0x802'd384       0xc  oid.o [17]
  .rodata            const     0x802'd390       0xc  oid.o [17]
  .rodata            const     0x802'd39c       0xc  oid.o [17]
  .rodata            const     0x802'd3a8       0xc  oid.o [17]
  .rodata            const     0x802'd3b4       0xc  oid.o [17]
  .rodata            const     0x802'd3c0       0xc  oid.o [17]
  .rodata            const     0x802'd3cc       0xc  oid.o [17]
  .rodata            const     0x802'd3d8       0xc  oid.o [17]
  .rodata            const     0x802'd3e4       0xc  oid.o [17]
  .rodata            const     0x802'd3f0       0xc  oid.o [17]
  .rodata            const     0x802'd3fc       0xc  oid.o [17]
  .rodata            const     0x802'd408       0xc  oid.o [17]
  .rodata            const     0x802'd414       0xc  oid.o [17]
  .rodata            const     0x802'd420       0xc  oid.o [17]
  .rodata            const     0x802'd42c       0xc  oid.o [17]
  .rodata            const     0x802'd438       0xc  oid.o [17]
  .rodata            const     0x802'd444       0xc  oid.o [17]
  .rodata            const     0x802'd450       0xc  oid.o [17]
  .rodata            const     0x802'd45c       0xc  oid.o [17]
  .rodata            const     0x802'd468       0xc  oid.o [17]
  .rodata            const     0x802'd474       0xc  oid.o [17]
  .rodata            const     0x802'd480       0xc  oid.o [17]
  .rodata            const     0x802'd48c       0xc  oid.o [17]
  .rodata            const     0x802'd498       0xc  oid.o [17]
  .rodata            const     0x802'd4a4       0xc  oid.o [17]
  .rodata            const     0x802'd4b0       0x8  md_wrap.o [17]
  .rodata            const     0x802'd4b8       0x8  md_wrap.o [17]
  .rodata            const     0x802'd4c0       0x8  md_wrap.o [17]
  .rodata            const     0x802'd4c8       0x8  md_wrap.o [17]
  .rodata            const     0x802'd4d0       0x8  md_wrap.o [17]
  .rodata            const     0x802'd4d8       0x8  oid.o [17]
  .rodata            const     0x802'd4e0       0x8  oid.o [17]
  .rodata            const     0x802'd4e8       0x8  oid.o [17]
  .rodata            const     0x802'd4f0       0x8  oid.o [17]
  .rodata            const     0x802'd4f8       0x8  oid.o [17]
  .rodata            const     0x802'd500       0x8  oid.o [17]
  .rodata            const     0x802'd508       0x8  oid.o [17]
  .rodata            const     0x802'd510       0x8  oid.o [17]
  .rodata            const     0x802'd518       0x8  oid.o [17]
  .rodata            const     0x802'd520       0x8  oid.o [17]
  .rodata            const     0x802'd528       0x8  oid.o [17]
  .rodata            const     0x802'd530       0x8  oid.o [17]
  .rodata            const     0x802'd538       0x8  oid.o [17]
  .rodata            const     0x802'd540       0x8  oid.o [17]
  .rodata            const     0x802'd548       0x8  oid.o [17]
  .rodata            const     0x802'd550       0x8  oid.o [17]
  .rodata            const     0x802'd558       0x8  oid.o [17]
  .rodata            const     0x802'd560       0x8  oid.o [17]
  .rodata            const     0x802'd568       0x8  oid.o [17]
  .rodata            const     0x802'd570       0x8  oid.o [17]
  .rodata            const     0x802'd578       0x8  pk_wrap.o [17]
  .rodata            const     0x802'd580       0x8  pk_wrap.o [17]
  .rodata            const     0x802'd588       0x8  system_stm32l4xx.o [13]
  .rodata            const     0x802'd590       0x4  md_wrap.o [17]
  .rodata            const     0x802'd594       0x4  oid.o [17]
  .rodata            const     0x802'd598       0x4  oid.o [17]
  .rodata            const     0x802'd59c       0x4  oid.o [17]
  .rodata            const     0x802'd5a0       0x4  oid.o [17]
  .rodata            const     0x802'd5a4       0x4  oid.o [17]
  .rodata            const     0x802'd5a8       0x4  oid.o [17]
  .rodata            const     0x802'd5ac       0x4  oid.o [17]
  .rodata            const     0x802'd5b0       0x4  oid.o [17]
  .rodata            const     0x802'd5b4       0x4  oid.o [17]
  .rodata            const     0x802'd5b8       0x4  oid.o [17]
  .rodata            const     0x802'd5bc       0x4  oid.o [17]
  .rodata            const     0x802'd5c0       0x4  oid.o [17]
  .rodata            const     0x802'd5c4       0x4  oid.o [17]
  .rodata            const     0x802'd5c8       0x4  oid.o [17]
  .rodata            const     0x802'd5cc       0x4  oid.o [17]
  .rodata            const     0x802'd5d0       0x4  oid.o [17]
  .rodata            const     0x802'd5d4       0x4  oid.o [17]
  .rodata            const     0x802'd5d8       0x4  oid.o [17]
  .rodata            const     0x802'd5dc       0x4  oid.o [17]
  .rodata            const     0x802'd5e0       0x4  oid.o [17]
  .rodata            const     0x802'd5e4       0x4  oid.o [17]
  .rodata            const     0x802'd5e8       0x4  oid.o [17]
  .rodata            const     0x802'd5ec       0x4  oid.o [17]
  .rodata            const     0x802'd5f0       0x4  oid.o [17]
  .rodata            const     0x802'd5f4       0x4  oid.o [17]
  .rodata            const     0x802'd5f8       0x4  oid.o [17]
  .rodata            const     0x802'd5fc       0x4  oid.o [17]
  .rodata            const     0x802'd600       0x4  oid.o [17]
  .rodata            const     0x802'd604       0x4  oid.o [17]
  .rodata            const     0x802'd608       0x4  pk_wrap.o [17]
  .rodata            const     0x802'd60c       0x4  pk_wrap.o [17]
  .text              ro code   0x802'd610       0x4  startup_stm32l475xx.o [2]
  .text              ro code   0x802'd614       0x4  startup_stm32l475xx.o [2]
  .text              ro code   0x802'd618       0x4  startup_stm32l475xx.o [2]
  .text              ro code   0x802'd61c       0x4  startup_stm32l475xx.o [2]
  .text              ro code   0x802'd620       0x4  startup_stm32l475xx.o [2]
  .text              ro code   0x802'd624       0x4  startup_stm32l475xx.o [2]
  .text              ro code   0x802'd628       0x4  startup_stm32l475xx.o [2]
  .text              ro code   0x802'd62c       0x4  startup_stm32l475xx.o [2]
  .text              ro code   0x802'd630       0x4  startup_stm32l475xx.o [2]
  .text              ro code   0x802'd634       0x4  startup_stm32l475xx.o [2]
  .text              ro code   0x802'd638       0x4  startup_stm32l475xx.o [2]
  .text              ro code   0x802'd63c       0x4  startup_stm32l475xx.o [2]
  .text              ro code   0x802'd640       0x4  startup_stm32l475xx.o [2]
  .text              ro code   0x802'd644       0x4  startup_stm32l475xx.o [2]
  .text              ro code   0x802'd648       0x4  startup_stm32l475xx.o [2]
  .text              ro code   0x802'd64c       0x4  startup_stm32l475xx.o [2]
  .text              ro code   0x802'd650       0x4  startup_stm32l475xx.o [2]
  .text              ro code   0x802'd654       0x4  startup_stm32l475xx.o [2]
  .text              ro code   0x802'd658       0x4  startup_stm32l475xx.o [2]
  .text              ro code   0x802'd65c       0x4  startup_stm32l475xx.o [2]
  .text              ro code   0x802'd660       0x4  startup_stm32l475xx.o [2]
  .text              ro code   0x802'd664       0x4  startup_stm32l475xx.o [2]
  .text              ro code   0x802'd668       0x4  startup_stm32l475xx.o [2]
  .text              ro code   0x802'd66c       0x4  startup_stm32l475xx.o [2]
  .text              ro code   0x802'd670       0x4  startup_stm32l475xx.o [2]
  .text              ro code   0x802'd674       0x4  startup_stm32l475xx.o [2]
  .text              ro code   0x802'd678       0x4  startup_stm32l475xx.o [2]
  .text              ro code   0x802'd67c       0x4  startup_stm32l475xx.o [2]
  .text              ro code   0x802'd680       0x4  startup_stm32l475xx.o [2]
  .text              ro code   0x802'd684       0x4  startup_stm32l475xx.o [2]
  .text              ro code   0x802'd688       0x4  startup_stm32l475xx.o [2]
  .text              ro code   0x802'd68c       0x4  startup_stm32l475xx.o [2]
  .text              ro code   0x802'd690       0x4  startup_stm32l475xx.o [2]
  .text              ro code   0x802'd694       0x4  startup_stm32l475xx.o [2]
  .text              ro code   0x802'd698       0x4  startup_stm32l475xx.o [2]
  .text              ro code   0x802'd69c       0x4  startup_stm32l475xx.o [2]
  .text              ro code   0x802'd6a0       0x4  startup_stm32l475xx.o [2]
  .text              ro code   0x802'd6a4       0x4  startup_stm32l475xx.o [2]
  .text              ro code   0x802'd6a8       0x4  startup_stm32l475xx.o [2]
  .text              ro code   0x802'd6ac       0x4  startup_stm32l475xx.o [2]
  .text              ro code   0x802'd6b0       0x4  startup_stm32l475xx.o [2]
  .text              ro code   0x802'd6b4       0x4  startup_stm32l475xx.o [2]
  .text              ro code   0x802'd6b8       0x4  startup_stm32l475xx.o [2]
  .text              ro code   0x802'd6bc       0x4  startup_stm32l475xx.o [2]
  .text              ro code   0x802'd6c0       0x4  startup_stm32l475xx.o [2]
  .text              ro code   0x802'd6c4       0x4  startup_stm32l475xx.o [2]
  .text              ro code   0x802'd6c8       0x4  startup_stm32l475xx.o [2]
  .text              ro code   0x802'd6cc       0x4  startup_stm32l475xx.o [2]
  .text              ro code   0x802'd6d0       0x4  startup_stm32l475xx.o [2]
  .text              ro code   0x802'd6d4       0x4  startup_stm32l475xx.o [2]
  .text              ro code   0x802'd6d8       0x4  startup_stm32l475xx.o [2]
  .text              ro code   0x802'd6dc       0x4  startup_stm32l475xx.o [2]
  .text              ro code   0x802'd6e0       0x4  startup_stm32l475xx.o [2]
  .text              ro code   0x802'd6e4       0x4  startup_stm32l475xx.o [2]
  .text              ro code   0x802'd6e8       0x4  startup_stm32l475xx.o [2]
  .text              ro code   0x802'd6ec       0x4  startup_stm32l475xx.o [2]
  .text              ro code   0x802'd6f0       0x4  startup_stm32l475xx.o [2]
  .text              ro code   0x802'd6f4       0x4  startup_stm32l475xx.o [2]
  .text              ro code   0x802'd6f8       0x4  startup_stm32l475xx.o [2]
  .text              ro code   0x802'd6fc       0x4  startup_stm32l475xx.o [2]
  .text              ro code   0x802'd700       0x4  startup_stm32l475xx.o [2]
  .text              ro code   0x802'd704       0x4  startup_stm32l475xx.o [2]
  .text              ro code   0x802'd708       0x4  startup_stm32l475xx.o [2]
  .text              ro code   0x802'd70c       0x4  startup_stm32l475xx.o [2]
  .text              ro code   0x802'd710       0x4  startup_stm32l475xx.o [2]
  .text              ro code   0x802'd714       0x4  startup_stm32l475xx.o [2]
  .text              ro code   0x802'd718       0x4  startup_stm32l475xx.o [2]
  .text              ro code   0x802'd71c       0x4  startup_stm32l475xx.o [2]
  .text              ro code   0x802'd720       0x4  startup_stm32l475xx.o [2]
  .text              ro code   0x802'd724       0x4  startup_stm32l475xx.o [2]
  .text              ro code   0x802'd728       0x4  startup_stm32l475xx.o [2]
  .text              ro code   0x802'd72c       0x4  startup_stm32l475xx.o [2]
  .text              ro code   0x802'd730       0x4  startup_stm32l475xx.o [2]
  .text              ro code   0x802'd734       0x4  startup_stm32l475xx.o [2]
  .text              ro code   0x802'd738       0x4  startup_stm32l475xx.o [2]
  .text              ro code   0x802'd73c       0x4  startup_stm32l475xx.o [2]
  .text              ro code   0x802'd740       0x4  startup_stm32l475xx.o [2]
  .rodata            const     0x802'd744       0x0  zero_init3.o [21]
  .rodata            const     0x802'd744       0x0  packbits_init.o [21]
  Initializer bytes  const     0x802'd744     0x4b6  <for P2 s0>
                             - 0x802'dbfa  0x2'da72

"P2", part 1 of 3:                            0xedc
  P2 s0                       0x2000'0000     0xedc  <Init block>
    .data            inited   0x2000'0000     0x82c  GenericMQTTXcubeSample.o [3]
    .data            inited   0x2000'082c     0x1b8  vl53l0x_api.o [12]
    .data            inited   0x2000'09e4     0x188  vl53l0x_proximity.o [4]
    .data            inited   0x2000'0b6c      0xf4  vl53l0x_api.o [12]
    .data            inited   0x2000'0c60      0x48  xlocale_c.o [19]
    .data            inited   0x2000'0ca8      0x48  xfiles.o [19]
    .data            inited   0x2000'0cf0      0x48  xfiles.o [19]
    .data            inited   0x2000'0d38      0x38  xlocale_c.o [19]
[...]
                         0x801'bdd4    0x18  Data  Lc  net_tcp_wifi.o [1]
net_sock_destroy         0x801'9a95     0xa  Code  Gb  net.o [1]
net_sock_destroy_mbedtls
                         0x801'c551    0x3c  Code  Gb  net_tls_mbedtls.o [1]
net_sock_destroy_tcp_wifi
                         0x801'bda1    0x32  Code  Gb  net_tcp_wifi.o [1]
net_sock_open            0x801'9969     0x8  Code  Gb  net.o [1]
net_sock_open_mbedtls    0x801'bf3d   0x3ea  Code  Gb  net_tls_mbedtls.o [1]
net_sock_open_mbedtls::__func__
                         0x801'c614    0x18  Data  Lc  net_tls_mbedtls.o [1]
net_sock_open_wifi       0x801'b90d    0xbe  Code  Gb  net_tcp_wifi.o [1]
net_sock_open_wifi::__func__
                         0x801'bdfc    0x14  Data  Lc  net_tcp_wifi.o [1]
net_sock_recv            0x801'9a73     0xa  Code  Gb  net.o [1]
net_sock_recv_mbedtls    0x801'c335    0xb8  Code  Gb  net_tls_mbedtls.o [1]
net_sock_recv_mbedtls::__func__
                         0x801'c6d4    0x18  Data  Lc  net_tls_mbedtls.o [1]
net_sock_recv_tcp_wifi   0x801'b9cd   0x102  Code  Gb  net_tcp_wifi.o [1]
net_sock_recv_tcp_wifi::__func__
                         0x801'be10    0x18  Data  Lc  net_tcp_wifi.o [1]
net_sock_recvfrom_udp_wifi
                         0x801'bad9   0x14c  Code  Gb  net_tcp_wifi.o [1]
net_sock_recvfrom_udp_wifi::__func__
                         0x801'be28    0x1c  Data  Lc  net_tcp_wifi.o [1]
net_sock_send            0x801'9a7d     0x8  Code  Gb  net.o [1]
net_sock_send_mbedtls    0x801'c3ed    0xb2  Code  Gb  net_tls_mbedtls.o [1]
net_sock_send_mbedtls::__func__
                         0x801'c6ec    0x18  Data  Lc  net_tls_mbedtls.o [1]
net_sock_send_tcp_wifi   0x801'bc41    0x7e  Code  Gb  net_tcp_wifi.o [1]
net_sock_send_tcp_wifi::__func__
                         0x801'be44    0x18  Data  Lc  net_tcp_wifi.o [1]
net_sock_sendto_udp_wifi
                         0x801'bcc1    0xac  Code  Gb  net_tcp_wifi.o [1]
net_sock_sendto_udp_wifi::__func__
                         0x801'be6c    0x1c  Data  Lc  net_tcp_wifi.o [1]
net_sock_setopt          0x801'9971    0xfc  Code  Gb  net.o [1]
net_timeout_left_ms      0x801'9a9f    0x14  Code  Gb  net.o [1]
network_read             0x801'5c47    0x28  Code  Gb  GenericMQTTXcubeSample.o [3]
network_read::__func__   0x801'66e8    0x10  Data  Lc  GenericMQTTXcubeSample.o [3]
network_write            0x801'5c6f    0x28  Code  Gb  GenericMQTTXcubeSample.o [3]
network_write::__func__
                         0x801'6714    0x10  Data  Lc  GenericMQTTXcubeSample.o [3]
obuf                    0x2000'16bc    0x50  Data  Lc  xfiles.o [19]
oid_ecp_grp              0x802'b640    0x78  Data  Lc  oid.o [17]
oid_ext_key_usage        0x802'b6b8    0x70  Data  Lc  oid.o [17]
oid_md_alg               0x802'b154    0x8c  Data  Lc  oid.o [17]
oid_pk_alg               0x802'b9fc    0x50  Data  Lc  oid.o [17]
oid_sig_alg              0x802'a5a8   0x118  Data  Lc  oid.o [17]
oid_sig_alg_from_asn1    0x800'd627    0x2e  Code  Lc  oid.o [17]
oid_x509_ext             0x802'b5c8    0x78  Data  Lc  oid.o [17]
oid_x520_attr_type       0x802'9dac   0x190  Data  Lc  oid.o [17]
pFlash                  0x2000'17f4    0x20  Data  Gb  stm32l4xx_hal_flash.o [14]
parse_and_fill_device_config
                         0x801'650d    0xe2  Code  Gb  GenericMQTTXcubeSample.o [3]
parse_and_fill_device_config::__func__
                         0x801'69e0    0x20  Data  Lc  GenericMQTTXcubeSample.o [3]
parse_hex4               0x801'9c6f    0x44  Code  Lc  cJSON.o [18]
parse_string             0x801'9cb3   0x1b8  Code  Lc  cJSON.o [18]
parse_value              0x801'9f45   0x286  Code  Lc  cJSON.o [18]
pem_aes_decrypt          0x800'd7af    0xc0  Code  Lc  pem.o [17]
perform_ref_signal_measurement
                         0x802'048d    0x5a  Code  Gb  vl53l0x_api_calibration.o [12]
pk_get_ecpubkey          0x800'ce75    0x26  Code  Lc  pkparse.o [17]
pk_get_pk_alg            0x800'ce9b    0x50  Code  Lc  pkparse.o [17]
pk_hashlen_helper        0x800'80b7    0x1e  Code  Lc  pk.o [17]
pk_parse_key_pkcs1_der   0x800'd00b    0xd6  Code  Lc  pkparse.o [17]
pk_parse_key_pkcs8_unencrypted_der
                         0x800'd245    0xce  Code  Lc  pkparse.o [17]
pk_parse_key_sec1_der    0x800'd0e9   0x152  Code  Lc  pkparse.o [17]
pk_use_ecparams          0x800'ce3d    0x38  Code  Lc  pkparse.o [17]
platform_deinit          0x801'a4ed    0x20  Code  Gb  cloud.o [1]
platform_init            0x801'a361   0x18c  Code  Gb  cloud.o [1]
platform_init::__func__
                         0x801'a5e4    0x10  Data  Lc  cloud.o [1]
pows                     0x802'bc60    0x48  Data  Lc  strto64.o [20]
printf                   0x801'8fa5    0x28  Code  Gb  printf.o [19]
pub_data                0x2000'0018    0x40  Data  Gb  GenericMQTTXcubeSample.o [3]
putchar                  0x802'cd09     0xc  Code  Gb  putchar.o [19]
ranmatch                 0x802'2c99    0x42  Code  Lc  xscanffull.o [19]
readChar                 0x801'cf0f     0xc  Code  Gb  MQTTPacket.o [16]
readInt                  0x801'cefd    0x12  Code  Gb  MQTTPacket.o [16]
readMQTTLenString        0x801'cfa3    0x30  Code  Gb  MQTTPacket.o [16]
realloc                  0x801'b3d9     0x4  Code  Gb  heaptramp0.o [19]
refArrayQuadrants       0x2000'0e74    0x10  Data  Gb  vl53l0x_api_calibration.o [12]
rsa_alloc_wrap           0x802'8a3b    0x16  Code  Lc  pk_wrap.o [17]
rsa_can_do               0x802'8971    0x10  Code  Lc  pk_wrap.o [17]
rsa_check_pair_wrap      0x802'8a37     0x4  Code  Lc  pk_wrap.o [17]
rsa_debug                0x802'8a5d    0x20  Code  Lc  pk_wrap.o [17]
rsa_decrypt_wrap         0x802'89e5    0x28  Code  Lc  pk_wrap.o [17]
rsa_encrypt_wrap         0x802'8a0d    0x2a  Code  Lc  pk_wrap.o [17]
rsa_free_wrap            0x802'8a51     0xa  Code  Lc  pk_wrap.o [17]
rsa_get_bitlen           0x802'8981     0x6  Code  Lc  pk_wrap.o [17]
rsa_sign_wrap            0x802'89bf    0x26  Code  Lc  pk_wrap.o [17]
rsa_verify_wrap          0x802'8987    0x38  Code  Lc  pk_wrap.o [17]
scalbln                  0x801'38e1          Code  Gb  ldexp.o [20]
scalblnl                 0x801'38e1          Code  Gb  ldexp.o [20]
scalbn                   0x801'38e1          Code  Gb  ldexp.o [20]
scalbnl                  0x801'38e1          Code  Gb  ldexp.o [20]
scale                    0x801'1ebf    0x46  Code  Lc  xprintffull.o [19]
sec_hand                0x2000'1868     0x4  Data  Lc  xfail_s.o [19]
secp256k1_a              0x801'0e28     0x4  Data  Lc  ecp_curves.o [17]
secp256k1_b              0x801'0e2c     0x4  Data  Lc  ecp_curves.o [17]
secp256k1_gx             0x801'0e30    0x20  Data  Lc  ecp_curves.o [17]
secp256k1_gy             0x801'0e50    0x20  Data  Lc  ecp_curves.o [17]
secp256k1_n              0x801'0e70    0x20  Data  Lc  ecp_curves.o [17]
secp256k1_p              0x801'0e08    0x20  Data  Lc  ecp_curves.o [17]
secp256r1_b              0x801'0d88    0x20  Data  Lc  ecp_curves.o [17]
secp256r1_gx             0x801'0da8    0x20  Data  Lc  ecp_curves.o [17]
secp256r1_gy             0x801'0dc8    0x20  Data  Lc  ecp_curves.o [17]
secp256r1_n              0x801'0de8    0x20  Data  Lc  ecp_curves.o [17]
secp256r1_p              0x801'0d68    0x20  Data  Lc  ecp_curves.o [17]
secp384r1_b              0x802'9648    0x30  Data  Lc  ecp_curves.o [17]
secp384r1_gx             0x802'9678    0x30  Data  Lc  ecp_curves.o [17]
secp384r1_gy             0x802'96a8    0x30  Data  Lc  ecp_curves.o [17]
secp384r1_n              0x802'96d8    0x30  Data  Lc  ecp_curves.o [17]
secp384r1_p              0x802'9618    0x30  Data  Lc  ecp_curves.o [17]
sendPacket               0x801'a693    0x4a  Code  Lc  MQTTClient.o [15]
sequence_step_enabled    0x801'd9c9    0x38  Code  Gb  vl53l0x_api.o [12]
setIoTDeviceConfig       0x801'93c1    0x3c  Code  Gb  iot_flash_config.o [1]
setIoTDeviceConfig::__func__
                         0x801'9614    0x14  Data  Lc  iot_flash_config.o [1]
setRTCTimeDateFromNetwork
                         0x801'c761   0x322  Code  Gb  timedate.o [1]
setRTCTimeDateFromNetwork::__func__
                         0x801'cae0    0x1c  Data  Lc  timedate.o [1]
set_ref_spad_map         0x802'03d7     0xa  Code  Gb  vl53l0x_api_calibration.o [12]
set_sequence_step_timeout
                         0x802'114d    0xf0  Code  Gb  vl53l0x_api_core.o [12]
sha1_clone_wrap          0x802'a71b     0x4  Code  Lc  md_wrap.o [17]
sha1_ctx_alloc           0x802'a703    0x18  Code  Lc  md_wrap.o [17]
sha1_ctx_free            0x802'a71f     0x8  Code  Lc  md_wrap.o [17]
sha1_finish_wrap         0x802'a6ff     0x4  Code  Lc  md_wrap.o [17]
sha1_padding             0x802'bdb4    0x40  Data  Lc  sha1.o [17]
sha1_process_wrap        0x802'a733     0x4  Code  Lc  md_wrap.o [17]
sha1_starts_wrap         0x802'a6f7     0x4  Code  Lc  md_wrap.o [17]
sha1_update_wrap         0x802'a6fb     0x4  Code  Lc  md_wrap.o [17]
sha224_clone_wrap        0x802'a77b     0x4  Code  Lc  md_wrap.o [17]
sha224_ctx_alloc         0x802'a74b    0x18  Code  Lc  md_wrap.o [17]
sha224_ctx_free          0x802'a771     0xa  Code  Lc  md_wrap.o [17]
sha224_finish_wrap       0x802'a741     0x4  Code  Lc  md_wrap.o [17]
sha224_process_wrap      0x802'a77f     0x4  Code  Lc  md_wrap.o [17]
sha224_starts_wrap       0x802'a737     0x6  Code  Lc  md_wrap.o [17]
sha224_update_wrap       0x802'a73d     0x4  Code  Lc  md_wrap.o [17]
sha224_wrap              0x802'a745     0x6  Code  Lc  md_wrap.o [17]
sha256_padding           0x802'bdf4    0x40  Data  Lc  sha256.o [17]
sha256_starts_wrap       0x802'a783     0x6  Code  Lc  md_wrap.o [17]
sha256_wrap              0x802'a789     0x6  Code  Lc  md_wrap.o [17]
sha384_clone_wrap        0x802'a7c5     0x4  Code  Lc  md_wrap.o [17]
sha384_ctx_alloc         0x802'a7a3    0x18  Code  Lc  md_wrap.o [17]
sha384_ctx_free          0x802'a7bb     0xa  Code  Lc  md_wrap.o [17]
sha384_finish_wrap       0x802'a799     0x4  Code  Lc  md_wrap.o [17]
sha384_process_wrap      0x802'a7c9     0x4  Code  Lc  md_wrap.o [17]
sha384_starts_wrap       0x802'a78f     0x6  Code  Lc  md_wrap.o [17]
sha384_update_wrap       0x802'a795     0x4  Code  Lc  md_wrap.o [17]
sha384_wrap              0x802'a79d     0x6  Code  Lc  md_wrap.o [17]
sha512_padding           0x802'b4d0    0x80  Data  Lc  sha512.o [17]
sha512_starts_wrap       0x802'a7cd     0x6  Code  Lc  md_wrap.o [17]
sha512_wrap              0x802'a7d3     0x6  Code  Lc  md_wrap.o [17]
snprintf                 0x800'c209    0x44  Code  Gb  snprintf.o [19]
spi_rx_event            0x2000'1660     0x4  Data  Lc  es_wifi_io.o [5]
spi_tx_event            0x2000'1664     0x4  Data  Lc  es_wifi_io.o [5]
sprintf                  0x802'1bc5    0x40  Code  Gb  sprintf.o [19]
srand                    0x801'c751     0xa  Code  Gb  rand.o [19]
sscanf                   0x802'01d9    0x28  Code  Gb  sscanf.o [19]
ssl_append_key_cert      0x800'2fd9    0x36  Code  Lc  ssl_tls.o [17]
ssl_calc_finished_tls_sha256
                         0x800'27cd    0xa0  Code  Lc  ssl_tls.o [17]
ssl_calc_finished_tls_sha384
                         0x800'28b9    0x9e  Code  Lc  ssl_tls.o [17]
ssl_calc_verify_tls_sha256
                         0x800'0995    0x60  Code  Lc  ssl_tls.o [17]
ssl_calc_verify_tls_sha384
                         0x800'0a0d    0x60  Code  Lc  ssl_tls.o [17]
ssl_check_ctr_renegotiate
                         0x800'3243    0x54  Code  Lc  ssl_tls.o [17]
ssl_handshake_init       0x800'2dbd   0x10c  Code  Lc  ssl_tls.o [17]
ssl_preset_default_hashes
                        0x2000'0e0c    0x14  Data  Lc  ssl_tls.o [17]
ssl_preset_suiteb_ciphersuites
                        0x2000'0e20     0xc  Data  Lc  ssl_tls.o [17]
ssl_preset_suiteb_curves
                        0x2000'0e38     0x4  Data  Lc  ssl_tls.o [17]
ssl_preset_suiteb_hashes
                        0x2000'0e2c     0xc  Data  Lc  ssl_tls.o [17]
ssl_set_timer            0x800'01e9    0x2e  Code  Lc  ssl_tls.o [17]
ssl_start_renegotiation
                         0x800'317d    0x54  Code  Lc  ssl_tls.o [17]
ssl_update_checksum_sha256
                         0x800'27b5     0xa  Code  Lc  ssl_tls.o [17]
ssl_update_checksum_sha384
                         0x800'27c1     0x4  Code  Lc  ssl_tls.o [17]
ssl_update_checksum_start
                         0x800'2797    0x1e  Code  Lc  ssl_tls.o [17]
status_data             0x2000'0000    0x14  Data  Gb  GenericMQTTXcubeSample.o [3]
stiot_publish            0x801'6467    0x50  Code  Gb  GenericMQTTXcubeSample.o [3]
stiot_publish::__func__
                         0x801'6984    0x10  Data  Lc  GenericMQTTXcubeSample.o [3]
strchr                   0x801'1f81          Code  Gb  strchr.o [21]
strcmp                   0x801'c72d          Code  Gb  strcmp.o [21]
strcpy                   0x802'2fbd          Code  Gb  strcpy.o [21]
strcspn                  0x802'2ff7    0x22  Code  Gb  strcspn.o [19]
string_allocate_from_token
                         0x801'64b7    0x56  Code  Gb  GenericMQTTXcubeSample.o [3]
string_allocate_from_token::__func__
                         0x801'69b0    0x1c  Data  Lc  GenericMQTTXcubeSample.o [3]
strncmp                  0x801'b669    0x28  Code  Gb  strncmp.o [19]
strspn                   0x802'2fd5    0x22  Code  Gb  strspn.o [19]
strstr                   0x800'd765    0x2c  Code  Gb  strstr.o [19]
strtod                   0x802'01d1     0x6  Code  Gb  strto64.o [20]
strtok                   0x802'1b79    0x4c  Code  Gb  strtok.o [19]
strtold                  0x802'01d1     0x6  Code  Gb  strto64.o [20]
strtoll                  0x802'331d     0x2  Code  Gb  iar_Stollx.o [19]
strtoull                 0x802'3275     0x2  Code  Gb  iar_Stoullx.o [19]
sub32                    0x801'0691    0x18  Code  Lc  ecp_curves.o [17]
supported_ciphersuites  0x2000'1670    0x4c  Data  Lc  ssl_ciphersuites.o [17]
supported_init          0x2000'166c     0x4  Data  Lc  ssl_ciphersuites.o [17]
time                     0x801'04a7     0x4  Code  Gb  time_trampoline.o [19]
timeSyncSystem          0x2000'0eb8     0x8  Data  Lc  STM32CubeRTCInterface.o [1]
tls_prf_generic          0x800'022d    0xfe  Code  Lc  ssl_tls.o [17]
tls_prf_sha256           0x800'033b     0xc  Code  Lc  ssl_tls.o [17]
tls_prf_sha384           0x800'0347     0xa  Code  Lc  ssl_tls.o [17]
tolower                  0x801'b6a5    0x14  Code  Gb  tolower.o [19]
tsensor_drv             0x2000'185c     0x4  Data  Lc  stm32l475e_iot01_tsensor.o [7]
updateTLSCredentials     0x801'9215   0x140  Code  Gb  iot_flash_config.o [1]
updateTLSCredentials::__func__
                         0x801'9580    0x18  Data  Lc  iot_flash_config.o [1]
updateWiFiCredentials    0x801'907b    0xac  Code  Gb  iot_flash_config.o [1]
updateWiFiCredentials::__func__
                         0x801'94dc    0x18  Data  Lc  iot_flash_config.o [1]
uwTick                  0x2000'1860     0x4  Data  Gb  stm32l4xx_hal.o [14]
version                  0x801'a63c    0x1c  Data  Gb  cloud.o [1]
vsnprintf                0x800'c1cd    0x3c  Code  Gb  vsnprint.o [19]
wait_spi_tx_event        0x801'7313    0x26  Code  Lc  es_wifi_io.o [5]
waitfor                  0x801'aa07    0x2a  Code  Lc  MQTTClient.o [15]
wctob                    0x802'302d    0x34  Code  Gb  wctob.o [19]
writeCString             0x801'cf45    0x28  Code  Gb  MQTTPacket.o [16]
writeChar                0x801'cf1b     0xc  Code  Gb  MQTTPacket.o [16]
writeInt                 0x801'cf27    0x1e  Code  Gb  MQTTPacket.o [16]
writeMQTTString          0x801'cf6d    0x36  Code  Gb  MQTTPacket.o [16]
x509_check_time          0x800'cd71    0x4c  Code  Lc  x509.o [17]
x509_check_wildcard      0x800'781d    0x4e  Code  Lc  x509_crt.o [17]
x509_crt_check_parent    0x800'78e5    0x5c  Code  Lc  x509_crt.o [17]
x509_crt_verify_child    0x800'7b1f   0x208  Code  Lc  x509_crt.o [17]
x509_crt_verify_strings
                         0x802'acd8    0xa8  Data  Lc  x509_crt.o [17]
x509_crt_verify_top      0x800'7941   0x1d8  Code  Lc  x509_crt.o [17]
x509_crt_verifycrl       0x800'76f9    0xf4  Code  Lc  x509_crt.o [17]
x509_get_current_time    0x800'cd31    0x40  Code  Lc  x509.o [17]
x509_get_uid             0x800'66ad    0x36  Code  Lc  x509_crt.o [17]
x509_memcasecmp          0x800'77ed    0x30  Code  Lc  x509_crt.o [17]
x509_name_cmp            0x800'786b    0x7a  Code  Lc  x509_crt.o [17]
x509_parse_int           0x800'c843    0x34  Code  Lc  x509.o [17]
x509_profile_check_key   0x800'666f    0x3e  Code  Lc  x509_crt.o [17]
x509_profile_check_md_alg
                         0x800'664b    0x10  Code  Lc  x509_crt.o [17]
x509_profile_check_pk_alg
                         0x800'665b     0xe  Code  Lc  x509_crt.o [17]


[1] = D:\TCC\B-L475E-IOT01A\STM32CubeExpansion_Cloud_CLD_GEN_V1.0.0\Projects\B-L475E-IOT01\Applications\Cloud\GenericMQTT\EWARM\B-L475E-IOT01\Obj\Application\Common
[2] = D:\TCC\B-L475E-IOT01A\STM32CubeExpansion_Cloud_CLD_GEN_V1.0.0\Projects\B-L475E-IOT01\Applications\Cloud\GenericMQTT\EWARM\B-L475E-IOT01\Obj\Application\EWARM
[3] = D:\TCC\B-L475E-IOT01A\STM32CubeExpansion_Cloud_CLD_GEN_V1.0.0\Projects\B-L475E-IOT01\Applications\Cloud\GenericMQTT\EWARM\B-L475E-IOT01\Obj\Application\GenericMQTT
[4] = D:\TCC\B-L475E-IOT01A\STM32CubeExpansion_Cloud_CLD_GEN_V1.0.0\Projects\B-L475E-IOT01\Applications\Cloud\GenericMQTT\EWARM\B-L475E-IOT01\Obj\Application\User
[5] = D:\TCC\B-L475E-IOT01A\STM32CubeExpansion_Cloud_CLD_GEN_V1.0.0\Projects\B-L475E-IOT01\Applications\Cloud\GenericMQTT\EWARM\B-L475E-IOT01\Obj\Application\Wifi
[6] = D:\TCC\B-L475E-IOT01A\STM32CubeExpansion_Cloud_CLD_GEN_V1.0.0\Projects\B-L475E-IOT01\Applications\Cloud\GenericMQTT\EWARM\B-L475E-IOT01\Obj\Drivers\BSP
[7] = D:\TCC\B-L475E-IOT01A\STM32CubeExpansion_Cloud_CLD_GEN_V1.0.0\Projects\B-L475E-IOT01\Applications\Cloud\GenericMQTT\EWARM\B-L475E-IOT01\Obj\Drivers\BSP\B-L475E-IOT01
[8] = D:\TCC\B-L475E-IOT01A\STM32CubeExpansion_Cloud_CLD_GEN_V1.0.0\Projects\B-L475E-IOT01\Applications\Cloud\GenericMQTT\EWARM\B-L475E-IOT01\Obj\Drivers\BSP\Components\HTS221
[9] = D:\TCC\B-L475E-IOT01A\STM32CubeExpansion_Cloud_CLD_GEN_V1.0.0\Projects\B-L475E-IOT01\Applications\Cloud\GenericMQTT\EWARM\B-L475E-IOT01\Obj\Drivers\BSP\Components\LIS3MDL
[10] = D:\TCC\B-L475E-IOT01A\STM32CubeExpansion_Cloud_CLD_GEN_V1.0.0\Projects\B-L475E-IOT01\Applications\Cloud\GenericMQTT\EWARM\B-L475E-IOT01\Obj\Drivers\BSP\Components\LPS22HB
[11] = D:\TCC\B-L475E-IOT01A\STM32CubeExpansion_Cloud_CLD_GEN_V1.0.0\Projects\B-L475E-IOT01\Applications\Cloud\GenericMQTT\EWARM\B-L475E-IOT01\Obj\Drivers\BSP\Components\LSM6DSL
[12] = D:\TCC\B-L475E-IOT01A\STM32CubeExpansion_Cloud_CLD_GEN_V1.0.0\Projects\B-L475E-IOT01\Applications\Cloud\GenericMQTT\EWARM\B-L475E-IOT01\Obj\Drivers\BSP\Components\vl53l0x
[13] = D:\TCC\B-L475E-IOT01A\STM32CubeExpansion_Cloud_CLD_GEN_V1.0.0\Projects\B-L475E-IOT01\Applications\Cloud\GenericMQTT\EWARM\B-L475E-IOT01\Obj\Drivers\CMSIS
[14] = D:\TCC\B-L475E-IOT01A\STM32CubeExpansion_Cloud_CLD_GEN_V1.0.0\Projects\B-L475E-IOT01\Applications\Cloud\GenericMQTT\EWARM\B-L475E-IOT01\Obj\Drivers\STM32L4xx_HAL_Driver
[15] = D:\TCC\B-L475E-IOT01A\STM32CubeExpansion_Cloud_CLD_GEN_V1.0.0\Projects\B-L475E-IOT01\Applications\Cloud\GenericMQTT\EWARM\B-L475E-IOT01\Obj\Middlewares\Third_Party\MQTTClient-C
[16] = D:\TCC\B-L475E-IOT01A\STM32CubeExpansion_Cloud_CLD_GEN_V1.0.0\Projects\B-L475E-IOT01\Applications\Cloud\GenericMQTT\EWARM\B-L475E-IOT01\Obj\Middlewares\Third_Party\MQTTPacket
[17] = D:\TCC\B-L475E-IOT01A\STM32CubeExpansion_Cloud_CLD_GEN_V1.0.0\Projects\B-L475E-IOT01\Applications\Cloud\GenericMQTT\EWARM\B-L475E-IOT01\Obj\Middlewares\Third_Party\MbedTLS
[18] = D:\TCC\B-L475E-IOT01A\STM32CubeExpansion_Cloud_CLD_GEN_V1.0.0\Projects\B-L475E-IOT01\Applications\Cloud\GenericMQTT\EWARM\B-L475E-IOT01\Obj\Middlewares\Third_Party\cJSON
[19] = dl7M_tlf.a
[20] = m7M_tls.a
[21] = rt7M_tl.a
[22] = shb_l.a

  155'144 bytes of readonly  code memory
   32'242 bytes of readonly  data memory
   79'985 bytes of readwrite data memory

Errors: 1
Warnings: none
