main.c:91:5:main	4112	static
main.c:247:6:SystemClock_Config	96	static
main.c:305:13:MX_NVIC_Init	8	static
main.c:355:13:Console_UART_Init	8	static
main.c:378:6:HAL_TIM_PeriodElapsedCallback	16	static
main.c:467:6:Led_SetState	16	static
main.c:483:6:Led_Blink	24	static
main.c:514:13:Button_ISR	4	static
main.c:523:9:Button_WaitForPush	24	static
main.c:547:9:Button_WaitForMultiPush	16	static
main.c:569:6:HAL_GPIO_EXTI_Callback	16	static
main.c:596:6:BSP_PB_Callback	16	static
main.c:609:6:Error_Handler	4	static,ignoring_inline_asm
