main.c:91:5:main	4112	static
main.c:172:6:SystemClock_Config	96	static
main.c:230:13:MX_NVIC_Init	8	static
main.c:280:13:Console_UART_Init	8	static
main.c:303:6:HAL_TIM_PeriodElapsedCallback	16	static
main.c:394:6:Led_SetState	16	static
main.c:410:6:Led_Blink	24	static
main.c:441:13:Button_ISR	4	static
main.c:450:9:Button_WaitForPush	24	static
main.c:474:9:Button_WaitForMultiPush	16	static
main.c:496:6:HAL_GPIO_EXTI_Callback	16	static
main.c:523:6:BSP_PB_Callback	16	static
main.c:536:6:Error_Handler	4	static,ignoring_inline_asm
