VibrationMonitoring.c:65:9:Init_Demo	16	static
VibrationMonitoring.c:192:16:Meas_Odr	24	static
VibrationMonitoring.c:306:9:Restart_FIFO	8	static
VibrationMonitoring.c:330:9:Collect_Data	48	static
VibrationMonitoring.c:428:16:Enable_FIFO	8	static
VibrationMonitoring.c:444:16:Disable_FIFO	8	static
VibrationMonitoring.c:466:13:HP_DC_Changer	16	static
VibrationMonitoring.c:508:16:Enable_DRDY	16	static
VibrationMonitoring.c:536:16:Disable_DRDY	8	static
VibrationMonitoring.c:553:6:Init_Sensors	8	static
VibrationMonitoring.c:574:6:INIT_STREAMING_HEADER	16	static
VibrationMonitoring.c:588:6:Get_Msg	32	static
VibrationMonitoring.c:653:6:UART_SendMsg	24	static
VibrationMonitoring.c:684:6:CHK_ComputeAndAdd	24	static
VibrationMonitoring.c:704:5:ByteStuffCopy	24	static
VibrationMonitoring.c:724:5:ByteStuffCopyByte	24	static
