VibrationMonitoring.c:90:6:colect_acc_data	88	static
VibrationMonitoring.c:175:9:Init_Demo	16	static
VibrationMonitoring.c:302:16:Meas_Odr	24	static
VibrationMonitoring.c:416:9:Restart_FIFO	8	static
VibrationMonitoring.c:441:9:Collect_Data	48	static
VibrationMonitoring.c:541:16:Enable_FIFO	8	static
VibrationMonitoring.c:557:16:Disable_FIFO	8	static
VibrationMonitoring.c:579:13:HP_DC_Changer	16	static
VibrationMonitoring.c:621:16:Enable_DRDY	16	static
VibrationMonitoring.c:649:16:Disable_DRDY	8	static
VibrationMonitoring.c:666:6:Init_Sensors	8	static
VibrationMonitoring.c:687:6:INIT_STREAMING_HEADER	16	static
VibrationMonitoring.c:701:6:Get_Msg	32	static
VibrationMonitoring.c:766:6:UART_SendMsg	24	static
VibrationMonitoring.c:797:6:CHK_ComputeAndAdd	24	static
VibrationMonitoring.c:817:5:ByteStuffCopy	24	static
VibrationMonitoring.c:837:5:ByteStuffCopyByte	24	static
