arm_math.h:5745:30:arm_sqrt_f32	16	static
MotionSP.c:138:6:MotionSP_speedDelOffset	24	static
MotionSP.c:176:6:MotionSP_evalSpeedFromAccelero	56	static
MotionSP.c:245:13:MotionSP_SwSpeedRmsFilter	48	static
MotionSP.c:286:13:MotionSP_SwAccRmsFilter	56	static
MotionSP.c:328:13:MotionSP_SwAccPkEval	24	static
MotionSP.c:355:13:MotionSP_TD_PeakEvalFromCircBuff	24	static
MotionSP.c:374:13:MotionSP_TD_SpeedEvalFromCircBuff	40	static
MotionSP.c:413:13:MotionSP_TD_AccRmsEvalFromCircBuff	56	static
MotionSP.c:455:6:MotionSP_accDelOffset	24	static
MotionSP.c:494:6:MotionSP_CreateAccCircBuffer	24	static
MotionSP.c:520:6:MotionSP_TimeDomainProcess	16	static
MotionSP.c:566:6:MotionSP_TimeDomainEvalFromCircBuff	40	static
MotionSP.c:635:6:MotionSP_fftCalc	24	static
MotionSP.c:652:6:MotionSP_fftAdapt	24	static
MotionSP.c:677:6:MotionSP_fftAdapting	24	static
MotionSP.c:714:6:MotionSP_fftFindPeak	24	static
MotionSP.c:726:6:MotionSP_fftPeakFinding	24	static
MotionSP.c:742:6:MotionSP_SetWindFiltArray	32	static
MotionSP.c:797:6:motionSP_fftUseWindow	24	static
MotionSP.c:812:9:MotionSP_fftInBuild	32	static
MotionSP.c:855:9:MotionSP_fftAverageCalcSamples	32	static
MotionSP.c:905:9:MotionSP_fftAverageCalcTime	32	static
MotionSP.c:941:6:MotionSP_FrequencyDomainProcess	24	static
MotionSP.c:1048:6:clean_high_freq_ampl	16	static
MotionSP.c:1065:6:store_highFreq	16	static
MotionSP.c:1124:6:MotionSP_fftExecution	24	static
MotionSP.c:1217:6:MotionSP_evalMaxAmplitudeRange	40	static
MotionSP.c:1237:17:MotionSP_GetRealAcceleroOdr	4	static
MotionSP.c:1246:24:MotionSP_GetParameters	4	static
MotionSP.c:1255:19:MotionSP_GetAccMagResults	4	static
MotionSP.c:1264:20:MotionSP_GetTimeDomainData	4	static
